
Discarded input sections

 .text          0x00000000        0x0 /tmp/ccanqKcA.ltrans0.ltrans.o
 .data          0x00000000        0x0 /tmp/ccanqKcA.ltrans0.ltrans.o
 .bss           0x00000000        0x0 /tmp/ccanqKcA.ltrans0.ltrans.o
 .text._puts    0x00000000       0x40 /tmp/ccanqKcA.ltrans0.ltrans.o
 .text.vprintf  0x00000000       0x16 /tmp/ccanqKcA.ltrans0.ltrans.o
 .text.mini_vsnprintf
                0x00000000       0x3a /tmp/ccanqKcA.ltrans0.ltrans.o
 .text.snprintf
                0x00000000       0x20 /tmp/ccanqKcA.ltrans0.ltrans.o
 .text.sprintf  0x00000000       0x2a /tmp/ccanqKcA.ltrans0.ltrans.o
 .text.strcpy   0x00000000       0x14 /tmp/ccanqKcA.ltrans0.ltrans.o
 .text.strncpy  0x00000000       0x1c /tmp/ccanqKcA.ltrans0.ltrans.o
 .text.strcmp   0x00000000       0x1a /tmp/ccanqKcA.ltrans0.ltrans.o
 .text.strchr   0x00000000       0x16 /tmp/ccanqKcA.ltrans0.ltrans.o
 .text.strrchr  0x00000000       0x3a /tmp/ccanqKcA.ltrans0.ltrans.o
 .text.memcmp   0x00000000       0x20 /tmp/ccanqKcA.ltrans0.ltrans.o
 .text.memmove  0x00000000       0x5e /tmp/ccanqKcA.ltrans0.ltrans.o
 .text.memchr   0x00000000       0x1a /tmp/ccanqKcA.ltrans0.ltrans.o
 .text.strnlen  0x00000000       0x28 /tmp/ccanqKcA.ltrans0.ltrans.o
 .text.twoway_strstr
                0x00000000      0x256 /tmp/ccanqKcA.ltrans0.ltrans.o
 .text.strstr   0x00000000      0x118 /tmp/ccanqKcA.ltrans0.ltrans.o
 .text.setjmp   0x00000000       0x38 /tmp/ccanqKcA.ltrans0.ltrans.o
 .text.longjmp  0x00000000       0x3c /tmp/ccanqKcA.ltrans0.ltrans.o
 .comment       0x00000000       0x27 /tmp/ccanqKcA.ltrans0.ltrans.o
 .note.GNU-stack
                0x00000000        0x0 /tmp/ccanqKcA.ltrans0.ltrans.o
 .comment       0x00000000       0x27 /tmp/cc1rCmbJ.debug.temp.o
 .note.GNU-stack
                0x00000000        0x0 /tmp/cc1rCmbJ.debug.temp.o
 .comment       0x00000000       0x27 /tmp/ccwlRLjy.debug.temp.o
 .note.GNU-stack
                0x00000000        0x0 /tmp/ccwlRLjy.debug.temp.o

Memory Configuration

Name             Origin             Length             Attributes
FLASH            0x00000000         0x0003c000         xr
RAM              0x20000000         0x00003000         xrw
*default*        0x00000000         0xffffffff

Linker script and memory map

LOAD /tmp/cc2kil5p.o
LOAD /tmp/ccanqKcA.ltrans0.ltrans.o
LOAD /tmp/cc1rCmbJ.debug.temp.o
LOAD /tmp/ccwlRLjy.debug.temp.o
LOAD /tmp/ccVwcTet.o
LOAD /usr/lib/gcc/riscv64-elf/15.2.0/rv32imac/ilp32/libgcc.a

.init           0x00000000       0x90
                0x00000000                        _sinit = .
                0x00000000                        . = ALIGN (0x4)
 *(SORT_NONE(.init))
 .init          0x00000000       0x90 /tmp/ccanqKcA.ltrans0.ltrans.o
                0x00000000                InterruptVectorDefault
                0x00000000                InterruptVector
                0x00000090                        . = ALIGN (0x4)
                0x00000090                        _einit = .

.highcodelalign
                0x00000090        0x0
                0x00000090                        . = ALIGN (0x4)
                0x00000090                        PROVIDE (_highcode_lma = .)

.highcode       0x20000000      0x288 load address 0x00000090
                0x20000000                        . = ALIGN (0x4)
                0x20000000                        PROVIDE (_highcode_vma_start = .)
 *(.highcode*)
 .highcode      0x20000000      0x288 /tmp/ccanqKcA.ltrans0.ltrans.o
                0x20000000                iSLERRSSI
                0x20000010                iSLERCRCOK
                0x20000028                iSLERTX
                0x2000014c                iSLERRX
                0x20000288                        . = ALIGN (0x4)
                0x20000288                        PROVIDE (_highcode_vma_end = .)

.text           0x00000318      0xf38
                0x00000318                        . = ALIGN (0x4)
 *(.text)
 *(.text.*)
 .text.mini_pad
                0x00000318       0x80 /tmp/ccanqKcA.ltrans0.ltrans.o
 .text.internal_handle_input.constprop.0
                0x00000398        0xa /tmp/ccanqKcA.ltrans0.ltrans.o
 .text._write.constprop.0
                0x000003a2       0xe6 /tmp/ccanqKcA.ltrans0.ltrans.o
 .text.__puts_uart
                0x00000488       0x14 /tmp/ccanqKcA.ltrans0.ltrans.o
 .text.DelaySysTick
                0x0000049c       0x12 /tmp/ccanqKcA.ltrans0.ltrans.o
 .text.mini_itoa.part.0
                0x000004ae       0x96 /tmp/ccanqKcA.ltrans0.ltrans.o
 .text.DevSetMode
                0x00000544       0x4e /tmp/ccanqKcA.ltrans0.ltrans.o
 .text.RFEND_TXCTune
                0x00000592       0x7e /tmp/ccanqKcA.ltrans0.ltrans.o
 .text.DevSetChannel
                0x00000610       0x22 /tmp/ccanqKcA.ltrans0.ltrans.o
 .text.handle_reset
                0x00000632       0xb0 /tmp/ccanqKcA.ltrans0.ltrans.o
                0x00000632                handle_reset
 .text.vector_handler
                0x000006e2        0x2 /tmp/ccanqKcA.ltrans0.ltrans.o
                0x000006e2                EXTI2_IRQHandler
                0x000006e2                TIM8_TRG_COM_IRQHandler
                0x000006e2                TIM8_CC_IRQHandler
                0x000006e2                USART_WKUP_IRQHandler
                0x000006e2                UART8_IRQHandler
                0x000006e2                SPI4_IRQHandler
                0x000006e2                NFC_IRQHandler
                0x000006e2                DFSDM0_IRQHandler
                0x000006e2                TIM1_CC_IRQHandler
                0x000006e2                HardFault_Handler
                0x000006e2                TIM10_IRQHandler
                0x000006e2                GPIOB_IRQHandler
                0x000006e2                IPC_CH2_Handler
                0x000006e2                USBPD_IRQHandler
                0x000006e2                TIM6_IRQHandler
                0x000006e2                GPIOA_IRQHandler
                0x000006e2                SysTick_Handler
                0x000006e2                CAN3_RX1_IRQHandler
                0x000006e2                I3C_ER_IRQHandler
                0x000006e2                PVD_IRQHandler
                0x000006e2                SDIO_IRQHandler
                0x000006e2                TIM9_BRK_IRQHandler
                0x000006e2                DMA2_Channel8_IRQHandler
                0x000006e2                NMI_Handler
                0x000006e2                CAN2_RX1_IRQHandler
                0x000006e2                EXTI3_IRQHandler
                0x000006e2                HSEM_Handler
                0x000006e2                UART1_IRQHandler
                0x000006e2                USBHS_IRQHandler
                0x000006e2                LPTIM2_IRQHandler
                0x000006e2                DMA2_Channel9_IRQHandler
                0x000006e2                TIM10_CC_IRQHandler
                0x000006e2                EXTI25_16_IRQHandler
                0x000006e2                I2C3_ER_IRQHandler
                0x000006e2                USBFS_IRQHandler
                0x000006e2                UART0_IRQHandler
                0x000006e2                USART8_IRQHandler
                0x000006e2                EXTI0_IRQHandler
                0x000006e2                I2C2_EV_IRQHandler
                0x000006e2                TIM10_TRG_COM_IRQHandler
                0x000006e2                LPTIM_IRQHandler
                0x000006e2                CAN1_RX0_IRQHandler
                0x000006e2                CAN3_SCE_IRQHandler
                0x000006e2                CAN2_SCE_IRQHandler
                0x000006e2                ADC1_2_IRQHandler
                0x000006e2                BB_IRQHandler
                0x000006e2                Break_Point_Handler
                0x000006e2                IPC_CH0_Handler
                0x000006e2                TIM2_CC_IRQHandler
                0x000006e2                SPI1_IRQHandler
                0x000006e2                USART5_IRQHandler
                0x000006e2                TAMPER_IRQHandler
                0x000006e2                TMR0_IRQHandler
                0x000006e2                AWU_IRQHandler
                0x000006e2                EXTI7_0_IRQHandler
                0x000006e2                CAN2_RX0_IRQHandler
                0x000006e2                OSCWakeUp_IRQHandler
                0x000006e2                TIM8_UP_IRQHandler
                0x000006e2                Ecall_M_Mode_Handler
                0x000006e2                ECDC_IRQHandler
                0x000006e2                SDMMC_IRQHandler
                0x000006e2                USART7_IRQHandler
                0x000006e2                DMA2_Channel2_IRQHandler
                0x000006e2                DMA1_Channel4_IRQHandler
                0x000006e2                ADC1_IRQHandler
                0x000006e2                TIM2_BRK_IRQHandler
                0x000006e2                USART6_IRQHandler
                0x000006e2                CAN3_RX0_IRQHandler
                0x000006e2                HSADC_IRQHandler
                0x000006e2                TIM9_UP_IRQHandler
                0x000006e2                USART3_IRQHandler
                0x000006e2                RTC_IRQHandler
                0x000006e2                DMA1_Channel7_IRQHandler
                0x000006e2                LED_IRQHandler
                0x000006e2                CAN1_RX1_IRQHandler
                0x000006e2                DVP_IRQHandler
                0x000006e2                UART5_IRQHandler
                0x000006e2                USBSS_IRQHandler
                0x000006e2                SWPMI_IRQHandler
                0x000006e2                USBPDWakeUp_IRQHandler
                0x000006e2                EXTI15_8_IRQHandler
                0x000006e2                TIM4_IRQHandler
                0x000006e2                DMA2_Channel1_IRQHandler
                0x000006e2                SWPMI_WKUP_IRQHandler
                0x000006e2                USBPD_WKUP_IRQHandler
                0x000006e2                I2C1_EV_IRQHandler
                0x000006e2                USBSSWakeup_IRQHandler
                0x000006e2                UART2_IRQHandler
                0x000006e2                USART4_IRQHandler
                0x000006e2                PWMX_IRQHandler
                0x000006e2                DMA1_Channel6_IRQHandler
                0x000006e2                UART4_IRQHandler
                0x000006e2                DMA2_Channel4_IRQHandler
                0x000006e2                TIM3_IRQHandler
                0x000006e2                RCC_IRQHandler
                0x000006e2                TIM1_TRG_COM_IRQHandler
                0x000006e2                DMA1_Channel1_IRQHandler
                0x000006e2                DMA2_Channel7_IRQHandler
                0x000006e2                QSPI1_IRQHandler
                0x000006e2                EXTI15_10_IRQHandler
                0x000006e2                ADC_IRQHandler
                0x000006e2                IPC_CH3_Handler
                0x000006e2                DMA1_Channel8_IRQHandler
                0x000006e2                I3C_EV_IRQHandler
                0x000006e2                TMR2_IRQHandler
                0x000006e2                I3C_WKUP_IRQHandler
                0x000006e2                DefaultIRQHandler
                0x000006e2                TIM12_IRQHandler
                0x000006e2                TIM7_IRQHandler
                0x000006e2                CAN2_TX_IRQHandler
                0x000006e2                TIM5_IRQHandler
                0x000006e2                I2C3_EV_IRQHandler
                0x000006e2                USB_IRQHandler
                0x000006e2                EXTI9_5_IRQHandler
                0x000006e2                PIOC_IRQHandler
                0x000006e2                TIM9_IRQHandler
                0x000006e2                LTDC_IRQHandler
                0x000006e2                SAI_IRQHandler
                0x000006e2                SPI2_IRQHandler
                0x000006e2                OSC32KCal_IRQHandler
                0x000006e2                IPC_CH1_Handler
                0x000006e2                I2C_IRQHandler
                0x000006e2                LPTIM1_WKUP_IRQHandler
                0x000006e2                TIM10_BRK_IRQHandler
                0x000006e2                TIM9_CC_IRQHandler
                0x000006e2                CAN1_TX_IRQHandler
                0x000006e2                DMA2_Channel5_IRQHandler
                0x000006e2                USB2_IRQHandler
                0x000006e2                USBHSWakeUp_IRQHandler
                0x000006e2                DMA1_Channel5_IRQHandler
                0x000006e2                EXTI4_IRQHandler
                0x000006e2                USB_LP_CAN1_RX0_IRQHandler
                0x000006e2                QSPI2_IRQHandler
                0x000006e2                RNG_IRQHandler
                0x000006e2                USB_HP_CAN1_TX_IRQHandler
                0x000006e2                CMPWakeUp_IRQHandler
                0x000006e2                DMA1_Channel3_IRQHandler
                0x000006e2                FSMC_IRQHandler
                0x000006e2                ETH_IRQHandler
                0x000006e2                TIM1_UP_IRQHandler
                0x000006e2                LPTIMWakeUp_IRQHandler
                0x000006e2                WWDG_IRQHandler
                0x000006e2                USBHSWakeup_IRQHandler
                0x000006e2                DMA2_Channel11_IRQHandler
                0x000006e2                WDOG_BAT_IRQHandler
                0x000006e2                Ecall_U_Mode_Handler
                0x000006e2                I2C4_EV_IRQHandler
                0x000006e2                CAN3_TX_IRQHandler
                0x000006e2                TMR3_IRQHandler
                0x000006e2                DMA2_Channel6_IRQHandler
                0x000006e2                TIM2_IRQHandler
                0x000006e2                SW_Handler
                0x000006e2                TIM1_BRK_IRQHandler
                0x000006e2                GPHA_IRQHandler
                0x000006e2                OPA_IRQHandler
                0x000006e2                DMA2_Channel10_IRQHandler
                0x000006e2                EXTI1_IRQHandler
                0x000006e2                SPI0_IRQHandler
                0x000006e2                USB2_HOST_IRQHandler
                0x000006e2                LPTIM2_WKUP_IRQHandler
                0x000006e2                RTCAlarm_IRQHandler
                0x000006e2                TIM11_IRQHandler
                0x000006e2                TIM10_UP_IRQHandler
                0x000006e2                TIM9_TRG_COM_IRQHandler
                0x000006e2                UART7_IRQHandler
                0x000006e2                USART2_IRQHandler
                0x000006e2                UART6_IRQHandler
                0x000006e2                UHSIF_IRQHandler
                0x000006e2                ETHWakeUp_IRQHandler
                0x000006e2                I2C2_ER_IRQHandler
                0x000006e2                DMA1_Channel2_IRQHandler
                0x000006e2                TIM8_BRK_IRQHandler
                0x000006e2                TIM2_TRG_IRQHandler
                0x000006e2                CAN1_SCE_IRQHandler
                0x000006e2                FLASH_IRQHandler
                0x000006e2                USBFSWakeUp_IRQHandler
                0x000006e2                USART1_IRQHandler
                0x000006e2                OTG_FS_IRQHandler
                0x000006e2                SPI3_IRQHandler
                0x000006e2                USBFS_WakeUp_IRQHandler
                0x000006e2                UART3_IRQHandler
                0x000006e2                I2C1_ER_IRQHandler
                0x000006e2                FMC_IRQHandler
                0x000006e2                USB2_DEVICE_IRQHandler
                0x000006e2                LPTIM1_IRQHandler
                0x000006e2                DFSDM1_IRQHandler
                0x000006e2                TMR1_IRQHandler
                0x000006e2                I2C4_ER_IRQHandler
                0x000006e2                SERDES_IRQHandler
                0x000006e2                USBSS_LINK_IRQHandler
                0x000006e2                USBWakeUp_IRQHandler
                0x000006e2                DMA2_Channel3_IRQHandler
 .text.strlen   0x000006e4       0x12 /tmp/ccanqKcA.ltrans0.ltrans.o
                0x000006e4                strlen
 .text.mini_vpprintf
                0x000006f6      0x1ae /tmp/ccanqKcA.ltrans0.ltrans.o
 .text.printf   0x000008a4       0x26 /tmp/ccanqKcA.ltrans0.ltrans.o
                0x000008a4                printf
 .text.printf_uid.isra.0
                0x000008ca       0x3c /tmp/ccanqKcA.ltrans0.ltrans.o
 .text.memset   0x00000906       0x12 /tmp/ccanqKcA.ltrans0.ltrans.o
                0x00000906                memset
 .text.strncmp  0x00000918       0x3c /tmp/ccanqKcA.ltrans0.ltrans.o
                0x00000918                strncmp
 .text.memcpy   0x00000954       0x1c /tmp/ccanqKcA.ltrans0.ltrans.o
                0x00000954                memcpy
 .text.puts     0x00000970       0x2c /tmp/ccanqKcA.ltrans0.ltrans.o
                0x00000970                puts
 .text.putchar  0x0000099c       0x70 /tmp/ccanqKcA.ltrans0.ltrans.o
                0x0000099c                putchar
 .text.SystemInit
                0x00000a0c       0x7c /tmp/ccanqKcA.ltrans0.ltrans.o
                0x00000a0c                SystemInit
 .text.LLE_IRQHandler
                0x00000a88       0x92 /tmp/ccanqKcA.ltrans0.ltrans.o
 .text.synthpass_broadcast.isra.0
                0x00000b1a       0x48 /tmp/ccanqKcA.ltrans0.ltrans.o
 .text.synthpass_rx
                0x00000b62       0x16 /tmp/ccanqKcA.ltrans0.ltrans.o
 .text.startup.main
                0x00000b78      0x5fe /tmp/ccanqKcA.ltrans0.ltrans.o
                0x00000b78                main
 *(.rodata)
 *(.rodata*)
 *fill*         0x00001176        0x2 
 .rodata.printf_uid.isra.0.str1.4
                0x00001178       0xae /tmp/ccanqKcA.ltrans0.ltrans.o
                                  0x6 (size before relaxing)
 .rodata.puts.str1.4
                0x00001226        0x0 /tmp/ccanqKcA.ltrans0.ltrans.o
                                  0x2 (size before relaxing)
 .rodata.synthpass_broadcast.isra.0.str1.4
                0x00001226        0x0 /tmp/ccanqKcA.ltrans0.ltrans.o
                                  0x6 (size before relaxing)
 .rodata.main.str1.4
                0x00001226        0x0 /tmp/ccanqKcA.ltrans0.ltrans.o
                                 0x9a (size before relaxing)
 *fill*         0x00001226        0x2 
 .rodata.channel_map
                0x00001228       0x28 /tmp/ccanqKcA.ltrans0.ltrans.o
 *(.gnu.linkonce.t.*)
                0x00001250                        . = ALIGN (0x4)

.rela.dyn       0x00001250        0x0
 .rela.text.handle_reset
                0x00001250        0x0 /tmp/ccanqKcA.ltrans0.ltrans.o

.fini           0x00001250        0x0
 *(SORT_NONE(.fini))
                0x00001250                        . = ALIGN (0x4)
                [!provide]                        PROVIDE (_etext = .)
                [!provide]                        PROVIDE (_eitcm = .)

.preinit_array  0x00001250        0x0
                [!provide]                        PROVIDE (__preinit_array_start = .)
 *(.preinit_array)
                [!provide]                        PROVIDE (__preinit_array_end = .)

.init_array     0x00001250        0x0
                0x00001250                        PROVIDE (__init_array_start = .)
 *(SORT_BY_INIT_PRIORITY(.init_array.*) SORT_BY_INIT_PRIORITY(.ctors.*))
 *(.init_array EXCLUDE_FILE(*crtend?.o *crtend.o *crtbegin?.o *crtbegin.o) .ctors)
                0x00001250                        PROVIDE (__init_array_end = .)

.fini_array     0x00001250        0x0
                [!provide]                        PROVIDE (__fini_array_start = .)
 *(SORT_BY_INIT_PRIORITY(.fini_array.*) SORT_BY_INIT_PRIORITY(.dtors.*))
 *(.fini_array EXCLUDE_FILE(*crtend?.o *crtend.o *crtbegin?.o *crtbegin.o) .dtors)
                [!provide]                        PROVIDE (__fini_array_end = .)

.ctors
 *crtbegin.o(.ctors)
 *crtbegin?.o(.ctors)
 *(EXCLUDE_FILE(*crtend?.o *crtend.o) .ctors)
 *(SORT_BY_NAME(.ctors.*))
 *(.ctors)

.dtors
 *crtbegin.o(.dtors)
 *crtbegin?.o(.dtors)
 *(EXCLUDE_FILE(*crtend?.o *crtend.o) .dtors)
 *(SORT_BY_NAME(.dtors.*))
 *(.dtors)

.dalign         0x20000288        0x0 load address 0x00001250
                0x20000288                        . = ALIGN (0x4)
                0x20000288                        PROVIDE (_data_vma = .)

.dlalign        0x00001250        0x0
                0x00001250                        . = ALIGN (0x4)
                0x00001250                        PROVIDE (_data_lma = .)

.data           0x20000288        0x0 load address 0x00001250
                0x20000288                        . = ALIGN (0x4)
                0x20000684                        __global_pointer$ = (. + 0x3fc)
 *(.gnu.linkonce.r.*)
 *(.data .data.*)
 *(.gnu.linkonce.d.*)
                0x20000288                        . = ALIGN (0x8)
 *fill*         0x20000288        0x0 
 *(.sdata .sdata.*)
 *(.sdata2*)
 *(.gnu.linkonce.s.*)
                0x20000288                        . = ALIGN (0x8)
 *(.srodata.cst16)
 *(.srodata.cst8)
 *(.srodata.cst4)
 *(.srodata.cst2)
 *(.srodata .srodata.*)
                0x20000288                        . = ALIGN (0x4)
                0x20000288                        PROVIDE (_edata = .)

.bss            0x20000288      0x560 load address 0x00001250
                0x20000288                        . = ALIGN (0x4)
                0x20000288                        PROVIDE (_sbss = .)
 *(.sbss*)
 .sbss.period   0x20000288        0x4 /tmp/ccanqKcA.ltrans0.ltrans.o
 .sbss.broadcast_random_ticks
                0x2000028c        0x4 /tmp/ccanqKcA.ltrans0.ltrans.o
 .sbss.synthpass_uid
                0x20000290        0x4 /tmp/ccanqKcA.ltrans0.ltrans.o
 .sbss.last_broadcast_tick
                0x20000294        0x4 /tmp/ccanqKcA.ltrans0.ltrans.o
 .sbss.tuneFilter
                0x20000298        0x4 /tmp/ccanqKcA.ltrans0.ltrans.o
 .sbss.tuneFilter2M
                0x2000029c        0x4 /tmp/ccanqKcA.ltrans0.ltrans.o
 .sbss.rx_ready
                0x200002a0        0x4 /tmp/ccanqKcA.ltrans0.ltrans.o
 *(.gnu.linkonce.sb.*)
 *(.bss*)
 .bss.tx_frame  0x200002a4      0x101 /tmp/ccanqKcA.ltrans0.ltrans.o
 *fill*         0x200003a5        0x3 
 .bss.LLE_BUF   0x200003a8      0x440 /tmp/ccanqKcA.ltrans0.ltrans.o
 *(.gnu.linkonce.b.*)
 *(COMMON*)
                0x200007e8                        . = ALIGN (0x4)
                0x200007e8                        PROVIDE (_ebss = .)
                [!provide]                        PROVIDE (_end = _ebss)
                [!provide]                        PROVIDE (end = .)
                0x20003000                        PROVIDE (_eusrstack = (ORIGIN (RAM) + LENGTH (RAM)))

/DISCARD/
 *(.note .note.*)
 *(.eh_frame .eh_frame.*)
 *(.comment .comment.*)
 *(.ARM.extab* .gnu.linkonce.armextab.*)
 *(.ARM.exidx*)
OUTPUT(synthpass.elf elf32-littleriscv)

.riscv.attributes
                0x00000000       0x52
 .riscv.attributes
                0x00000000       0x52 /tmp/ccanqKcA.ltrans0.ltrans.o

.debug_info     0x00000000     0x3b2a
 .debug_info    0x00000000     0x1af5 /tmp/ccanqKcA.ltrans0.ltrans.o
 .debug_info    0x00001af5      0xeba /tmp/cc1rCmbJ.debug.temp.o
                0x00001af5                ch32fun.c.aabf242e
 .debug_info    0x000029af     0x117b /tmp/ccwlRLjy.debug.temp.o
                0x000029af                synthpass.c.8a418c42

.debug_abbrev   0x00000000      0x843
 .debug_abbrev  0x00000000      0x20e /tmp/ccanqKcA.ltrans0.ltrans.o
 .debug_abbrev  0x0000020e      0x2cc /tmp/cc1rCmbJ.debug.temp.o
 .debug_abbrev  0x000004da      0x369 /tmp/ccwlRLjy.debug.temp.o

.debug_loclists
                0x00000000     0x2043
 .debug_loclists
                0x00000000     0x2043 /tmp/ccanqKcA.ltrans0.ltrans.o

.debug_aranges  0x00000000      0x198
 .debug_aranges
                0x00000000      0x198 /tmp/ccanqKcA.ltrans0.ltrans.o

.debug_rnglists
                0x00000000      0x34e
 .debug_rnglists
                0x00000000      0x34e /tmp/ccanqKcA.ltrans0.ltrans.o

.debug_line     0x00000000     0x3a03
 .debug_line    0x00000000     0x3912 /tmp/ccanqKcA.ltrans0.ltrans.o
 .debug_line    0x00003912       0x76 /tmp/cc1rCmbJ.debug.temp.o
 .debug_line    0x00003988       0x7b /tmp/ccwlRLjy.debug.temp.o

.debug_str      0x00000000     0x10a2
 .debug_str     0x00000000     0x10a2 /tmp/ccanqKcA.ltrans0.ltrans.o
                                0x17e (size before relaxing)
 .debug_str     0x000010a2        0x0 /tmp/cc1rCmbJ.debug.temp.o
                                0x735 (size before relaxing)
 .debug_str     0x000010a2        0x0 /tmp/ccwlRLjy.debug.temp.o
                                0xb7f (size before relaxing)

.debug_line_str
                0x00000000      0x18e
 .debug_line_str
                0x00000000      0x18e /tmp/ccanqKcA.ltrans0.ltrans.o
                                 0xc8 (size before relaxing)
 .debug_line_str
                0x0000018e        0x0 /tmp/cc1rCmbJ.debug.temp.o
                                0x13f (size before relaxing)
 .debug_line_str
                0x0000018e        0x0 /tmp/ccwlRLjy.debug.temp.o
                                0x13b (size before relaxing)

.debug_frame    0x00000000      0x538
 .debug_frame   0x00000000      0x538 /tmp/ccanqKcA.ltrans0.ltrans.o
