
synthpass.elf:     file format elf32-littleriscv


Disassembly of section .init:

00000000 <InterruptVector>:
	void InterruptVector()         __attribute__((naked)) __attribute((section(".init"))) __attribute((weak,alias("InterruptVectorDefault"))) __attribute((naked));
	void InterruptVectorDefault()  __attribute__((naked)) __attribute((section(".init"))) __attribute((naked));
	void InterruptVectorDefault( void )
	{
		#if !defined(FUNCONF_TINYVECTOR) || !FUNCONF_TINYVECTOR
			asm volatile( DEFAULT_INTERRUPT_VECTOR_CONTENTS );
   0:	6300006f          	j	630 <handle_reset>
   4:	00000000          	.word	0x00000000
   8:	000006e0          	.word	0x000006e0
   c:	000006e0          	.word	0x000006e0
  10:	f3f9bda9          	.word	0xf3f9bda9
  14:	000006e0          	.word	0x000006e0
	...
  20:	000006e0          	.word	0x000006e0
  24:	000006e0          	.word	0x000006e0
	...
  30:	000006e0          	.word	0x000006e0
  34:	00000000          	.word	0x00000000
  38:	000006e0          	.word	0x000006e0
  3c:	00000000          	.word	0x00000000
  40:	000006e0          	.word	0x000006e0
  44:	000006e0          	.word	0x000006e0
  48:	000006e0          	.word	0x000006e0
  4c:	000006e0          	.word	0x000006e0
  50:	000006e0          	.word	0x000006e0
  54:	00000a02          	.word	0x00000a02
  58:	000006e0          	.word	0x000006e0
  5c:	00000000          	.word	0x00000000
  60:	000006e0          	.word	0x000006e0
  64:	000006e0          	.word	0x000006e0
  68:	000006e0          	.word	0x000006e0
  6c:	000006e0          	.word	0x000006e0
  70:	000006e0          	.word	0x000006e0
  74:	000006e0          	.word	0x000006e0
  78:	000006e0          	.word	0x000006e0
  7c:	000006e0          	.word	0x000006e0
  80:	000006e0          	.word	0x000006e0
  84:	000006e0          	.word	0x000006e0
  88:	000006e0          	.word	0x000006e0
  8c:	000006e0          	.word	0x000006e0

Disassembly of section .highcode:

20000000 <iSLERRSSI>:

__HIGH_CODE
int iSLERRSSI() {
#ifdef CH570_CH572
	uint8_t *tx_buf = (uint8_t*)LLE_BUF;
	int len = tx_buf[1];
20000000:	200007b7          	lui	a5,0x20000
	return (int8_t)tx_buf[len +4];
20000004:	2a97c783          	lbu	a5,681(a5) # 200002a9 <LLE_BUF+0x1>
20000008:	20000737          	lui	a4,0x20000
2000000c:	2ac70713          	addi	a4,a4,684 # 200002ac <LLE_BUF+0x4>
20000010:	97ba                	add	a5,a5,a4
#else
	return (int8_t)(BB->RSSI >> 0xf);
#endif
}
20000012:	00078503          	lb	a0,0(a5)
20000016:	8082                	ret

20000018 <iSLERCRCOK>:

__HIGH_CODE
int iSLERCRCOK() {
#ifdef CH570_CH572
	uint8_t *tx_buf = (uint8_t*)LLE_BUF;
	int len = tx_buf[1];
20000018:	200007b7          	lui	a5,0x20000
	return (int8_t)!(tx_buf[len + 5] & 0x10);
2000001c:	2a97c783          	lbu	a5,681(a5) # 200002a9 <LLE_BUF+0x1>
20000020:	20000737          	lui	a4,0x20000
20000024:	2ad70713          	addi	a4,a4,685 # 200002ad <LLE_BUF+0x5>
20000028:	97ba                	add	a5,a5,a4
2000002a:	0007c503          	lbu	a0,0(a5)
2000002e:	8111                	srli	a0,a0,0x4
20000030:	8905                	andi	a0,a0,1
#else
	// Unimplemented!
	return -1;
#endif
}
20000032:	00154513          	xori	a0,a0,1
20000036:	8082                	ret

20000038 <iSLERTX>:

__HIGH_CODE
void iSLERTX(uint32_t access_address, uint8_t adv[], size_t len, uint8_t channel, uint8_t phy_mode) {
20000038:	1101                	addi	sp,sp,-32
2000003a:	cc22                	sw	s0,24(sp)
	BB->CTRL_TX = (BB->CTRL_TX & 0xfffffffc) | 1;
2000003c:	4000c437          	lui	s0,0x4000c
20000040:	10040413          	addi	s0,s0,256 # 4000c100 <_eusrstack+0x20009100>
20000044:	585c                	lw	a5,52(s0)
void iSLERTX(uint32_t access_address, uint8_t adv[], size_t len, uint8_t channel, uint8_t phy_mode) {
20000046:	c62e                	sw	a1,12(sp)
20000048:	c432                	sw	a2,8(sp)
	BB->CTRL_TX = (BB->CTRL_TX & 0xfffffffc) | 1;
2000004a:	9bf1                	andi	a5,a5,-4
void iSLERTX(uint32_t access_address, uint8_t adv[], size_t len, uint8_t channel, uint8_t phy_mode) {
2000004c:	c23a                	sw	a4,4(sp)
	BB->CTRL_TX = (BB->CTRL_TX & 0xfffffffc) | 1;
2000004e:	0017e793          	ori	a5,a5,1
void iSLERTX(uint32_t access_address, uint8_t adv[], size_t len, uint8_t channel, uint8_t phy_mode) {
20000052:	ce06                	sw	ra,28(sp)
20000054:	ca26                	sw	s1,20(sp)
	BB->CTRL_TX = (BB->CTRL_TX & 0xfffffffc) | 1;
20000056:	d85c                	sw	a5,52(s0)
void iSLERTX(uint32_t access_address, uint8_t adv[], size_t len, uint8_t channel, uint8_t phy_mode) {
20000058:	84aa                	mv	s1,a0

	DevSetChannel(channel);
2000005a:	8536                	mv	a0,a3
2000005c:	60e000e7          	jalr	1550(zero) # 60e <DevSetChannel>

	// Uncomment to disable whitening to debug RF.
	//BB->CTRL_CFG |= (1<<6);
	DevSetMode(DEVSETMODE_TX);
20000060:	25800513          	li	a0,600
20000064:	542000e7          	jalr	1346(zero) # 542 <DevSetMode>

	BB->ACCESSADDRESS1 = access_address; // access address
	BB->CRCINIT1 = 0x555555; // crc init
20000068:	005557b7          	lui	a5,0x555
	BB->ACCESSADDRESS1 = access_address; // access address
2000006c:	c444                	sw	s1,12(s0)
	BB->CRCINIT1 = 0x555555; // crc init
2000006e:	55578793          	addi	a5,a5,1365 # 555555 <synthpass.c.6ac06e92+0x552e97>
20000072:	c05c                	sw	a5,4(s0)
#ifdef CH570_CH572
	BB->ACCESSADDRESS2 = access_address;
20000074:	d024                	sw	s1,96(s0)
	BB->CRCINIT2 = 0x555555;
20000076:	cc3c                	sw	a5,88(s0)
	BB->CRCPOLY1 = (BB->CRCPOLY1 & 0xff000000) | 0x80032d; // crc poly
20000078:	441c                	lw	a5,8(s0)
2000007a:	ff000537          	lui	a0,0xff000
2000007e:	008006b7          	lui	a3,0x800
20000082:	32d68693          	addi	a3,a3,813 # 80032d <synthpass.c.6ac06e92+0x7fdc6f>
20000086:	8fe9                	and	a5,a5,a0
20000088:	8fd5                	or	a5,a5,a3
2000008a:	c41c                	sw	a5,8(s0)
	BB->CRCPOLY2 = (BB->CRCPOLY2 & 0xff000000) | 0x80032d;
2000008c:	4c7c                	lw	a5,92(s0)
#endif

#if defined(CH571_CH573)
	DMA->TXBUF = (uint32_t)adv;
#else
	LL->TXBUF = (uint32_t)adv;
2000008e:	45b2                	lw	a1,12(sp)
#endif

	// Wait for tuning bit to clear.
	for( int timeout = 3000; !(RF->RF26 & 0x1000000) && timeout >= 0; timeout-- );
20000090:	4712                	lw	a4,4(sp)
	BB->CRCPOLY2 = (BB->CRCPOLY2 & 0xff000000) | 0x80032d;
20000092:	8fe9                	and	a5,a5,a0
20000094:	8fd5                	or	a5,a5,a3
20000096:	cc7c                	sw	a5,92(s0)
	LL->TXBUF = (uint32_t)adv;
20000098:	4000c7b7          	lui	a5,0x4000c
2000009c:	20078793          	addi	a5,a5,512 # 4000c200 <_eusrstack+0x20009200>
	for( int timeout = 3000; !(RF->RF26 & 0x1000000) && timeout >= 0; timeout-- );
200000a0:	4622                	lw	a2,8(sp)
	LL->TXBUF = (uint32_t)adv;
200000a2:	dfac                	sw	a1,120(a5)
	for( int timeout = 3000; !(RF->RF26 & 0x1000000) && timeout >= 0; timeout-- );
200000a4:	6785                	lui	a5,0x1
200000a6:	bb878793          	addi	a5,a5,-1096 # bb8 <main+0x124>
200000aa:	4000d5b7          	lui	a1,0x4000d
200000ae:	55b4                	lw	a3,104(a1)
200000b0:	00769513          	slli	a0,a3,0x7
200000b4:	00054563          	bltz	a0,200000be <iSLERTX+0x86>
200000b8:	00178693          	addi	a3,a5,1
200000bc:	eac1                	bnez	a3,2000014c <iSLERTX+0x114>
		BB->CTRL_CFG = (BB->CTRL_CFG & 0xffff3fff) | ((phy_mode == PHY_S2) ? 0x4000 : 0);
	}
#elif defined(CH571_CH573)
	BB->CTRL_CFG = CTRL_CFG_PHY_1M; // no 2M PHY on ch571/3
#else
	BB->CTRL_CFG = (phy_mode == PHY_2M) ? CTRL_CFG_PHY_2M:
200000be:	4000c7b7          	lui	a5,0x4000c
200000c2:	4689                	li	a3,2
200000c4:	10078793          	addi	a5,a5,256 # 4000c100 <_eusrstack+0x20009100>
200000c8:	08d71463          	bne	a4,a3,20000150 <iSLERTX+0x118>
200000cc:	4394                	lw	a3,0(a5)
200000ce:	cff6f693          	andi	a3,a3,-769
200000d2:	4000c7b7          	lui	a5,0x4000c
200000d6:	10078793          	addi	a5,a5,256 # 4000c100 <_eusrstack+0x20009100>
200000da:	c394                	sw	a3,0(a5)
										  CTRL_CFG_PHY_1M; // default 1M for now
#endif

#if defined(CH570_CH572)
	BB->BB9 = (BB->BB9 & 0xf9ffffff) | ((phy_mode == PHY_2M) ? 0 : 0x2000000);
200000dc:	53d4                	lw	a3,36(a5)
200000de:	1779                	addi	a4,a4,-2
200000e0:	fa0005b7          	lui	a1,0xfa000
200000e4:	00e03733          	snez	a4,a4
200000e8:	15fd                	addi	a1,a1,-1 # f9ffffff <_eusrstack+0xd9ffcfff>
200000ea:	8eed                	and	a3,a3,a1
200000ec:	0766                	slli	a4,a4,0x19
200000ee:	8f55                	or	a4,a4,a3
#if defined(CH571_CH573)
	BB->BB11 = (BB->BB11 & 0xfffffffc); // |2 for RX
#endif

	// This clears bit 17 (If set, seems to have no impact.)
	LL->LL4 &= 0xfffdffff;
200000f0:	4000c437          	lui	s0,0x4000c
	BB->BB9 = (BB->BB9 & 0xf9ffffff) | ((phy_mode == PHY_2M) ? 0 : 0x2000000);
200000f4:	d3d8                	sw	a4,36(a5)
	LL->LL4 &= 0xfffdffff;
200000f6:	20040413          	addi	s0,s0,512 # 4000c200 <_eusrstack+0x20009200>
200000fa:	4818                	lw	a4,16(s0)
200000fc:	7681                	lui	a3,0xfffe0
200000fe:	16fd                	addi	a3,a3,-1 # fffdffff <_eusrstack+0xdffdcfff>
20000100:	8f75                	and	a4,a4,a3
20000102:	c818                	sw	a4,16(s0)

#if !defined(CH571_CH573)
	LL->STATUS = LL_STATUS_TX;
20000104:	00020737          	lui	a4,0x20
20000108:	c418                	sw	a4,8(s0)
#endif
	LL->TMR = (uint32_t)(len *512); // needs optimisation, per phy mode
2000010a:	0626                	slli	a2,a2,0x9
2000010c:	d070                	sw	a2,100(s0)

	BB->CTRL_CFG |= CTRL_CFG_START_TX;
2000010e:	4398                	lw	a4,0(a5)
20000110:	010006b7          	lui	a3,0x1000
20000114:	8f55                	or	a4,a4,a3
20000116:	c398                	sw	a4,0(a5)
	BB->CTRL_TX &= 0xfffffffc;
20000118:	5bd8                	lw	a4,52(a5)
2000011a:	9b71                	andi	a4,a4,-4
2000011c:	dbd8                	sw	a4,52(a5)

	LL->LL0 = 2; // Not sure what this does, but on RX it's 1
2000011e:	4789                	li	a5,2
20000120:	c01c                	sw	a5,0(s0)

	while(LL->TMR); // wait for tx buffer to empty
20000122:	507c                	lw	a5,100(s0)
20000124:	fffd                	bnez	a5,20000122 <iSLERTX+0xea>
	DevSetMode(0);
20000126:	4501                	li	a0,0
20000128:	542000e7          	jalr	1346(zero) # 542 <DevSetMode>
	if(LL->LL0 & 3) {
2000012c:	401c                	lw	a5,0(s0)
2000012e:	8b8d                	andi	a5,a5,3
20000130:	cb89                	beqz	a5,20000142 <iSLERTX+0x10a>
		LL->CTRL_MOD &= CTRL_MOD_RFSTOP;
20000132:	483c                	lw	a5,80(s0)
20000134:	8ff7f793          	andi	a5,a5,-1793
20000138:	c83c                	sw	a5,80(s0)
		LL->LL0 |= 0x08;
2000013a:	401c                	lw	a5,0(s0)
2000013c:	0087e793          	ori	a5,a5,8
20000140:	c01c                	sw	a5,0(s0)
	}
}
20000142:	40f2                	lw	ra,28(sp)
20000144:	4462                	lw	s0,24(sp)
20000146:	44d2                	lw	s1,20(sp)
20000148:	6105                	addi	sp,sp,32
2000014a:	8082                	ret
	for( int timeout = 3000; !(RF->RF26 & 0x1000000) && timeout >= 0; timeout-- );
2000014c:	17fd                	addi	a5,a5,-1
2000014e:	b785                	j	200000ae <iSLERTX+0x76>
										  CTRL_CFG_PHY_1M; // default 1M for now
20000150:	4394                	lw	a3,0(a5)
20000152:	cff6f693          	andi	a3,a3,-769
	BB->CTRL_CFG = (phy_mode == PHY_2M) ? CTRL_CFG_PHY_2M:
20000156:	1006e693          	ori	a3,a3,256
2000015a:	bfa5                	j	200000d2 <iSLERTX+0x9a>

2000015c <iSLERRX>:

__HIGH_CODE
void iSLERRX(uint32_t access_address, uint8_t channel, uint8_t phy_mode) {
2000015c:	1101                	addi	sp,sp,-32
2000015e:	cc22                	sw	s0,24(sp)
20000160:	842a                	mv	s0,a0
	DevSetMode(0);
20000162:	4501                	li	a0,0
void iSLERRX(uint32_t access_address, uint8_t channel, uint8_t phy_mode) {
20000164:	ca26                	sw	s1,20(sp)
20000166:	c62e                	sw	a1,12(sp)
20000168:	ce06                	sw	ra,28(sp)
2000016a:	84b2                	mv	s1,a2
	DevSetMode(0);
2000016c:	542000e7          	jalr	1346(zero) # 542 <DevSetMode>
	if(LL->LL0 & 3) {
20000170:	4000c7b7          	lui	a5,0x4000c
20000174:	20078793          	addi	a5,a5,512 # 4000c200 <_eusrstack+0x20009200>
20000178:	4398                	lw	a4,0(a5)
2000017a:	45b2                	lw	a1,12(sp)
2000017c:	8b0d                	andi	a4,a4,3
2000017e:	cb09                	beqz	a4,20000190 <iSLERRX+0x34>
		LL->CTRL_MOD &= CTRL_MOD_RFSTOP;
20000180:	4bb8                	lw	a4,80(a5)
20000182:	8ff77713          	andi	a4,a4,-1793
20000186:	cbb8                	sw	a4,80(a5)
		LL->LL0 |= 0x08;
20000188:	4398                	lw	a4,0(a5)
2000018a:	00876713          	ori	a4,a4,8
2000018e:	c398                	sw	a4,0(a5)
	}
	LL->TMR = 0;
20000190:	4000c7b7          	lui	a5,0x4000c
20000194:	20078793          	addi	a5,a5,512 # 4000c200 <_eusrstack+0x20009200>
20000198:	0607a223          	sw	zero,100(a5)

	DevSetChannel(channel);
2000019c:	852e                	mv	a0,a1
2000019e:	60e000e7          	jalr	1550(zero) # 60e <DevSetChannel>
	DevSetMode(DEVSETMODE_RX);
200001a2:	15800513          	li	a0,344
200001a6:	542000e7          	jalr	1346(zero) # 542 <DevSetMode>
		BB->CTRL_CFG = (BB->CTRL_CFG & 0xffff3fff) | ((phy_mode == PHY_S2) ? 0x4000 : 0);
	}
#elif defined(CH571_CH573)
	BB->CTRL_CFG = CTRL_CFG_PHY_1M; // no 2M PHY on ch571/3
#else
	BB->CTRL_CFG = (phy_mode == PHY_2M) ? CTRL_CFG_PHY_2M:
200001aa:	4000c7b7          	lui	a5,0x4000c
200001ae:	10078793          	addi	a5,a5,256 # 4000c100 <_eusrstack+0x20009100>
200001b2:	439c                	lw	a5,0(a5)
200001b4:	4709                	li	a4,2
200001b6:	cff7f793          	andi	a5,a5,-769
200001ba:	0ce49963          	bne	s1,a4,2000028c <iSLERRX+0x130>
200001be:	4000c737          	lui	a4,0x4000c
200001c2:	10070713          	addi	a4,a4,256 # 4000c100 <_eusrstack+0x20009100>
200001c6:	c31c                	sw	a5,0(a4)
										  CTRL_CFG_PHY_1M; // default 1M for now
#endif

#ifdef CH570_CH572
	BB->BB9 = (BB->BB9 & 0xf9ffffff) | ((phy_mode == PHY_2M) ? 0 : 0x2000000);
200001c8:	5354                	lw	a3,36(a4)
200001ca:	ffe48793          	addi	a5,s1,-2
200001ce:	fa000637          	lui	a2,0xfa000
200001d2:	00f037b3          	snez	a5,a5
200001d6:	167d                	addi	a2,a2,-1 # f9ffffff <_eusrstack+0xd9ffcfff>
200001d8:	07e6                	slli	a5,a5,0x19
200001da:	8ef1                	and	a3,a3,a2
200001dc:	8fd5                	or	a5,a5,a3
200001de:	d35c                	sw	a5,36(a4)
	RF->RF20 = (RF->RF20 & 0xffffffe0) | ((phy_mode == PHY_2M) ? (tuneFilter2M & 0x1f) : (tuneFilter & 0x1f));
200001e0:	4000d7b7          	lui	a5,0x4000d
200001e4:	4bbc                	lw	a5,80(a5)
200001e6:	fe07f713          	andi	a4,a5,-32
200001ea:	4789                	li	a5,2
200001ec:	0af49363          	bne	s1,a5,20000292 <iSLERRX+0x136>
200001f0:	c0c1a783          	lw	a5,-1012(gp) # 200002a0 <tuneFilter2M>
200001f4:	8bfd                	andi	a5,a5,31
200001f6:	8fd9                	or	a5,a5,a4
200001f8:	4000d737          	lui	a4,0x4000d
200001fc:	cb3c                	sw	a5,80(a4)
	BB->BB5 = (BB->BB5 & 0xffffffc0) | ((phy_mode == PHY_2M) ? 0xd : 0xb);
200001fe:	4000c7b7          	lui	a5,0x4000c
20000202:	10078793          	addi	a5,a5,256 # 4000c100 <_eusrstack+0x20009100>
20000206:	4bd8                	lw	a4,20(a5)
20000208:	4609                	li	a2,2
2000020a:	46ad                	li	a3,11
2000020c:	fc077713          	andi	a4,a4,-64
20000210:	00c49363          	bne	s1,a2,20000216 <iSLERRX+0xba>
20000214:	46b5                	li	a3,13
20000216:	8f55                	or	a4,a4,a3
20000218:	cbd8                	sw	a4,20(a5)
	BB->BB7 = (BB->BB7 & 0xff00fc00) | ((phy_mode == PHY_2M) ? 0x7f00a0 : 0x79009c);
2000021a:	4fd8                	lw	a4,28(a5)
2000021c:	ff0107b7          	lui	a5,0xff010
20000220:	c0078793          	addi	a5,a5,-1024 # ff00fc00 <_eusrstack+0xdf00cc00>
20000224:	8f7d                	and	a4,a4,a5
20000226:	4689                	li	a3,2
20000228:	007907b7          	lui	a5,0x790
2000022c:	09c78793          	addi	a5,a5,156 # 79009c <synthpass.c.6ac06e92+0x78d9de>
20000230:	00d49663          	bne	s1,a3,2000023c <iSLERRX+0xe0>
20000234:	007f07b7          	lui	a5,0x7f0
20000238:	0a078793          	addi	a5,a5,160 # 7f00a0 <synthpass.c.6ac06e92+0x7ed9e2>
2000023c:	8f5d                	or	a4,a4,a5
2000023e:	4000c7b7          	lui	a5,0x4000c
20000242:	10078793          	addi	a5,a5,256 # 4000c100 <_eusrstack+0x20009100>
20000246:	cfd8                	sw	a4,28(a5)
	BB->BB6 = (BB->BB6 & 0xfffffc00) | ((phy_mode == PHY_2M) ? 0x13a : 0x132);
	BB->BB4 = (BB->BB4 & 0x00ffffff) | ((phy_mode == PHY_2M) ? 0x78000000 : 0x7f000000);
#endif

	BB->ACCESSADDRESS1 = access_address; // access address
	BB->CRCINIT1 = 0x555555; // crc init
20000248:	00555737          	lui	a4,0x555
	BB->ACCESSADDRESS1 = access_address; // access address
2000024c:	c7c0                	sw	s0,12(a5)
	BB->CRCINIT1 = 0x555555; // crc init
2000024e:	55570713          	addi	a4,a4,1365 # 555555 <synthpass.c.6ac06e92+0x552e97>
20000252:	c3d8                	sw	a4,4(a5)
#ifdef CH570_CH572
	BB->ACCESSADDRESS2 = access_address;
20000254:	d3a0                	sw	s0,96(a5)
	BB->CRCINIT2 = 0x555555;
20000256:	cfb8                	sw	a4,88(a5)
	BB->CRCPOLY1 = (BB->CRCPOLY1 & 0xff000000) | 0x80032d; // crc poly
20000258:	4798                	lw	a4,8(a5)
2000025a:	ff000637          	lui	a2,0xff000
2000025e:	008006b7          	lui	a3,0x800
20000262:	32d68693          	addi	a3,a3,813 # 80032d <synthpass.c.6ac06e92+0x7fdc6f>
20000266:	8f71                	and	a4,a4,a2
20000268:	8f55                	or	a4,a4,a3
2000026a:	c798                	sw	a4,8(a5)
	BB->CRCPOLY2 = (BB->CRCPOLY2 & 0xff000000) | 0x80032d;
2000026c:	4ff8                	lw	a4,92(a5)

	LL->LL0 = 1; // Not sure what this does, but on TX it's 2
#ifndef ISLER_CALLBACK
	rx_ready = 0;
#endif
}
2000026e:	40f2                	lw	ra,28(sp)
20000270:	4462                	lw	s0,24(sp)
	BB->CRCPOLY2 = (BB->CRCPOLY2 & 0xff000000) | 0x80032d;
20000272:	8f71                	and	a4,a4,a2
20000274:	8f55                	or	a4,a4,a3
20000276:	cff8                	sw	a4,92(a5)
	LL->LL0 = 1; // Not sure what this does, but on TX it's 2
20000278:	4000c7b7          	lui	a5,0x4000c
2000027c:	4705                	li	a4,1
2000027e:	20e7a023          	sw	a4,512(a5) # 4000c200 <_eusrstack+0x20009200>
	rx_ready = 0;
20000282:	c001a823          	sw	zero,-1008(gp) # 200002a4 <rx_ready>
}
20000286:	44d2                	lw	s1,20(sp)
20000288:	6105                	addi	sp,sp,32
2000028a:	8082                	ret
	BB->CTRL_CFG = (phy_mode == PHY_2M) ? CTRL_CFG_PHY_2M:
2000028c:	1007e793          	ori	a5,a5,256
20000290:	b73d                	j	200001be <iSLERRX+0x62>
	RF->RF20 = (RF->RF20 & 0xffffffe0) | ((phy_mode == PHY_2M) ? (tuneFilter2M & 0x1f) : (tuneFilter & 0x1f));
20000292:	c081a783          	lw	a5,-1016(gp) # 2000029c <tuneFilter>
20000296:	bfb9                	j	200001f4 <iSLERRX+0x98>

Disassembly of section .text:

00000328 <mini_pad>:
	if(pad_to == 0) pad_to = len;
 328:	c699                	beqz	a3,336 <mini_pad+0xe>
	int overflow = 0;
 32a:	4801                	li	a6,0
	if(len > pad_to) {
 32c:	00b6d763          	bge	a3,a1,33a <mini_pad+0x12>
		len = pad_to;
 330:	85b6                	mv	a1,a3
		overflow = 1;
 332:	4805                	li	a6,1
 334:	a019                	j	33a <mini_pad+0x12>
	int overflow = 0;
 336:	4801                	li	a6,0
	if(pad_to == 0) pad_to = len;
 338:	86ae                	mv	a3,a1
	for(i = pad_to - len; i > 0; i --) {
 33a:	8e8d                	sub	a3,a3,a1
	char * pbuffer = buffer;
 33c:	87ba                	mv	a5,a4
 33e:	00d70333          	add	t1,a4,a3
	for(i = pad_to - len; i > 0; i --) {
 342:	40f308b3          	sub	a7,t1,a5
 346:	03104963          	bgtz	a7,378 <mini_pad+0x50>
 34a:	fff6c793          	not	a5,a3
 34e:	87fd                	srai	a5,a5,0x1f
 350:	8efd                	and	a3,a3,a5
 352:	96ba                	add	a3,a3,a4
 354:	4781                	li	a5,0
	for(i = len; i > 0; i --) {
 356:	40f58633          	sub	a2,a1,a5
 35a:	02c04363          	bgtz	a2,380 <mini_pad+0x58>
 35e:	fff5c793          	not	a5,a1
 362:	87fd                	srai	a5,a5,0x1f
 364:	8dfd                	and	a1,a1,a5
 366:	95b6                	add	a1,a1,a3
 368:	87ae                	mv	a5,a1
	len = pbuffer - buffer;
 36a:	40e58533          	sub	a0,a1,a4
			*(pbuffer-- - 1) = '*';
 36e:	02a00693          	li	a3,42
	if(overflow) {
 372:	02081463          	bnez	a6,39a <mini_pad+0x72>
}
 376:	8082                	ret
		*(pbuffer++) = pad_char;
 378:	0785                	addi	a5,a5,1
 37a:	fec78fa3          	sb	a2,-1(a5)
	for(i = pad_to - len; i > 0; i --) {
 37e:	b7d1                	j	342 <mini_pad+0x1a>
		*(pbuffer++) = *(ptr++);
 380:	00f50633          	add	a2,a0,a5
 384:	00064883          	lbu	a7,0(a2) # ff000000 <_eusrstack+0xdeffd000>
 388:	00f68633          	add	a2,a3,a5
 38c:	0785                	addi	a5,a5,1
 38e:	01160023          	sb	a7,0(a2)
	for(i = len; i > 0; i --) {
 392:	b7d1                	j	356 <mini_pad+0x2e>
			*(pbuffer-- - 1) = '*';
 394:	fed78fa3          	sb	a3,-1(a5)
 398:	17fd                	addi	a5,a5,-1
		for (i = 0; i < 3 && pbuffer > buffer; i ++) {
 39a:	ffd58613          	addi	a2,a1,-3
 39e:	fcf60ce3          	beq	a2,a5,376 <mini_pad+0x4e>
 3a2:	fef769e3          	bltu	a4,a5,394 <mini_pad+0x6c>
 3a6:	8082                	ret

000003a8 <internal_handle_input.constprop.0>:
void handle_debug_input( int numbytes, uint8_t * data ) __attribute__((weak));
void handle_debug_input( int numbytes, uint8_t * data ) { (void)numbytes; (void)data; }

static void internal_handle_input( volatile uint32_t * dmdata0 )
{
	uint32_t dmd0 = *dmdata0;
 3a8:	e00007b7          	lui	a5,0xe0000
 3ac:	3407a783          	lw	a5,832(a5) # e0000340 <_eusrstack+0xbfffd340>
	int bytes = (dmd0 & 0x3f) - 4;
	if( bytes > 0 && bytes < 16 )
	{
		handle_debug_input( bytes, ((uint8_t*)dmdata0) + 1 );
	}
}
 3b0:	8082                	ret

000003b2 <_write.constprop.0>:
//     note: if b7 is 0 in reply, but b0..b3 have >=4 then we received data from host.
// Special sentinel:
//     status word = 0x80 = default at start
//     status word = 0xcx = timed out.
// declare as weak to allow overriding.
WEAK int _write(int fd, const char *buf, int size)
 3b2:	7139                	addi	sp,sp,-64
 3b4:	dc22                	sw	s0,56(sp)
{
	(void)fd;
	if( ( *DMDATA0 & 0xc0 ) == 0xc0 ) return 0;
 3b6:	e0000437          	lui	s0,0xe0000
 3ba:	34040413          	addi	s0,s0,832 # e0000340 <_eusrstack+0xbfffd340>
 3be:	401c                	lw	a5,0(s0)
WEAK int _write(int fd, const char *buf, int size)
 3c0:	de06                	sw	ra,60(sp)
 3c2:	da26                	sw	s1,52(sp)
 3c4:	d84a                	sw	s2,48(sp)
 3c6:	d64e                	sw	s3,44(sp)
 3c8:	d452                	sw	s4,40(sp)
 3ca:	d256                	sw	s5,36(sp)
	if( ( *DMDATA0 & 0xc0 ) == 0xc0 ) return 0;
 3cc:	0c07f793          	andi	a5,a5,192
 3d0:	0c000713          	li	a4,192
 3d4:	00e78b63          	beq	a5,a4,3ea <_write.constprop.0+0x38>

	char buffer[4] = { 0 };
 3d8:	ce02                	sw	zero,28(sp)
 3da:	84ae                	mv	s1,a1
	int place = 0;
	uint32_t lastdmd;
	uint32_t timeout = FUNCONF_DEBUGPRINTF_TIMEOUT; // Give up after ~120ms

	if( size == 0 )
 3dc:	e5dd                	bnez	a1,48a <_write.constprop.0+0xd8>
	{
		lastdmd = (*DMDATA0);
 3de:	401c                	lw	a5,0(s0)
		if( lastdmd && !(lastdmd&0x80) ) internal_handle_input( (uint32_t*)DMDATA0 );
 3e0:	c789                	beqz	a5,3ea <_write.constprop.0+0x38>
 3e2:	0807f793          	andi	a5,a5,128
 3e6:	e391                	bnez	a5,3ea <_write.constprop.0+0x38>
 3e8:	37c1                	jal	3a8 <internal_handle_input.constprop.0>
	if( ( *DMDATA0 & 0xc0 ) == 0xc0 ) return 0;
 3ea:	4481                	li	s1,0

		//buf += tosend;
		place += tosend;
	}
	return size;
}
 3ec:	50f2                	lw	ra,60(sp)
 3ee:	5462                	lw	s0,56(sp)
 3f0:	5942                	lw	s2,48(sp)
 3f2:	59b2                	lw	s3,44(sp)
 3f4:	5a22                	lw	s4,40(sp)
 3f6:	5a92                	lw	s5,36(sp)
 3f8:	8526                	mv	a0,s1
 3fa:	54d2                	lw	s1,52(sp)
 3fc:	6121                	addi	sp,sp,64
 3fe:	8082                	ret
			if( timeout-- == 0 )
 400:	17fd                	addi	a5,a5,-1
 402:	eb89                	bnez	a5,414 <_write.constprop.0+0x62>
				*DMDATA0 |= 0xc0;
 404:	401c                	lw	a5,0(s0)
 406:	0c07e793          	ori	a5,a5,192
 40a:	c01c                	sw	a5,0(s0)
				return 0;
 40c:	bff9                	j	3ea <_write.constprop.0+0x38>
 40e:	001007b7          	lui	a5,0x100
 412:	0785                	addi	a5,a5,1 # 100001 <synthpass.c.6ac06e92+0xfd943>
		while( ( lastdmd = (*DMDATA0) ) & 0x80 )
 414:	4018                	lw	a4,0(s0)
 416:	08077693          	andi	a3,a4,128
 41a:	f2fd                	bnez	a3,400 <_write.constprop.0+0x4e>
		int tosend = size - place;
 41c:	412489b3          	sub	s3,s1,s2
		if( tosend > 7 ) tosend = 7;
 420:	013ad363          	bge	s5,s3,426 <_write.constprop.0+0x74>
 424:	499d                	li	s3,7
		if( lastdmd ) internal_handle_input( (uint32_t*)DMDATA0 );
 426:	c701                	beqz	a4,42e <_write.constprop.0+0x7c>
 428:	c62a                	sw	a0,12(sp)
 42a:	3fbd                	jal	3a8 <internal_handle_input.constprop.0>
 42c:	4532                	lw	a0,12(sp)
 42e:	0878                	addi	a4,sp,28
 430:	478d                	li	a5,3
 432:	863a                	mv	a2,a4
		while( t < tosend )
 434:	0537c163          	blt	a5,s3,476 <_write.constprop.0+0xc4>
		*DMDATA1 = *(uint32_t*)&(buffer[0]);
 438:	47f2                	lw	a5,28(sp)
 43a:	01250733          	add	a4,a0,s2
 43e:	00fa2023          	sw	a5,0(s4)
		t = 0;
 442:	4781                	li	a5,0
			buffer[t+1] = buf[t+place];
 444:	00074583          	lbu	a1,0(a4)
 448:	0785                	addi	a5,a5,1
 44a:	00f606b3          	add	a3,a2,a5
 44e:	00b68023          	sb	a1,0(a3)
		while( t < tosend && t < 3 )
 452:	0705                	addi	a4,a4,1
 454:	0137d563          	bge	a5,s3,45e <_write.constprop.0+0xac>
 458:	ffd78693          	addi	a3,a5,-3
 45c:	f6e5                	bnez	a3,444 <_write.constprop.0+0x92>
		buffer[0] = 0x80 | (tosend + 4);
 45e:	00498793          	addi	a5,s3,4
 462:	f807e793          	ori	a5,a5,-128
 466:	00f10e23          	sb	a5,28(sp)
		*DMDATA0 = *(uint32_t*)&(buffer[0]);
 46a:	47f2                	lw	a5,28(sp)
		place += tosend;
 46c:	994e                	add	s2,s2,s3
		*DMDATA0 = *(uint32_t*)&(buffer[0]);
 46e:	c01c                	sw	a5,0(s0)
	while( place < size )
 470:	f8994fe3          	blt	s2,s1,40e <_write.constprop.0+0x5c>
 474:	bfa5                	j	3ec <_write.constprop.0+0x3a>
			buffer[t-3] = buf[t+place];
 476:	00f906b3          	add	a3,s2,a5
 47a:	96aa                	add	a3,a3,a0
 47c:	0006c683          	lbu	a3,0(a3)
			t++;
 480:	0785                	addi	a5,a5,1
 482:	0705                	addi	a4,a4,1
			buffer[t-3] = buf[t+place];
 484:	fed70fa3          	sb	a3,-1(a4)
 488:	b775                	j	434 <_write.constprop.0+0x82>
		*DMDATA1 = *(uint32_t*)&(buffer[0]);
 48a:	e0000a37          	lui	s4,0xe0000
 48e:	4901                	li	s2,0
		if( tosend > 7 ) tosend = 7;
 490:	4a9d                	li	s5,7
		*DMDATA1 = *(uint32_t*)&(buffer[0]);
 492:	344a0a13          	addi	s4,s4,836 # e0000344 <_eusrstack+0xbfffd344>
 496:	bfe9                	j	470 <_write.constprop.0+0xbe>

00000498 <__puts_uart>:
{
 498:	1141                	addi	sp,sp,-16
 49a:	c422                	sw	s0,8(sp)
 49c:	c606                	sw	ra,12(sp)
 49e:	842e                	mv	s0,a1
	_write( 0, s, len );
 4a0:	3f09                	jal	3b2 <_write.constprop.0>
}
 4a2:	40b2                	lw	ra,12(sp)
 4a4:	8522                	mv	a0,s0
 4a6:	4422                	lw	s0,8(sp)
 4a8:	0141                	addi	sp,sp,16
 4aa:	8082                	ret

000004ac <mini_itoa.part.0>:
	if (value < 0 && !unsig) {
 4ac:	06055a63          	bgez	a0,520 <mini_itoa.part.0+0x74>
 4b0:	01f69793          	slli	a5,a3,0x1f
 4b4:	01f7d693          	srli	a3,a5,0x1f
 4b8:	e6a5                	bnez	a3,520 <mini_itoa.part.0+0x74>
		value = -value;
 4ba:	40a00533          	neg	a0,a0
		negative = 1;
 4be:	4805                	li	a6,1
 4c0:	8a05                	andi	a2,a2,1
 4c2:	06100793          	li	a5,97
 4c6:	c219                	beqz	a2,4cc <mini_itoa.part.0+0x20>
 4c8:	04100793          	li	a5,65
	int	negative = 0;
 4cc:	863a                	mv	a2,a4
		*(pbuffer++) = (digit < 10 ? '0' + digit : (uppercase ? 'A' : 'a') + digit - 10);
 4ce:	4e25                	li	t3,9
 4d0:	ff678693          	addi	a3,a5,-10
		int digit = value % radix;
 4d4:	02b577b3          	remu	a5,a0,a1
 4d8:	832a                	mv	t1,a0
		*(pbuffer++) = (digit < 10 ? '0' + digit : (uppercase ? 'A' : 'a') + digit - 10);
 4da:	00d788b3          	add	a7,a5,a3
 4de:	00fe6463          	bltu	t3,a5,4e6 <mini_itoa.part.0+0x3a>
 4e2:	03078893          	addi	a7,a5,48
 4e6:	01160023          	sb	a7,0(a2)
 4ea:	00160793          	addi	a5,a2,1
		value /= radix;
 4ee:	02b55533          	divu	a0,a0,a1
	} while (value > 0);
 4f2:	02b37963          	bgeu	t1,a1,524 <mini_itoa.part.0+0x78>
	if (negative)
 4f6:	00080863          	beqz	a6,506 <mini_itoa.part.0+0x5a>
		*(pbuffer++) = '-';
 4fa:	02d00693          	li	a3,45
 4fe:	00d78023          	sb	a3,0(a5)
 502:	00260793          	addi	a5,a2,2
	len = (pbuffer - buffer);
 506:	40e78533          	sub	a0,a5,a4
	for (i = 0; i < len / 2; i++) {
 50a:	4609                	li	a2,2
	*(pbuffer) = '\0';
 50c:	00078023          	sb	zero,0(a5)
	for (i = 0; i < len / 2; i++) {
 510:	00a706b3          	add	a3,a4,a0
 514:	4781                	li	a5,0
 516:	02c54633          	div	a2,a0,a2
 51a:	00c7c763          	blt	a5,a2,528 <mini_itoa.part.0+0x7c>
}
 51e:	8082                	ret
	int	negative = 0;
 520:	4801                	li	a6,0
 522:	bf79                	j	4c0 <mini_itoa.part.0+0x14>
		*(pbuffer++) = (digit < 10 ? '0' + digit : (uppercase ? 'A' : 'a') + digit - 10);
 524:	863e                	mv	a2,a5
 526:	b77d                	j	4d4 <mini_itoa.part.0+0x28>
 528:	00f705b3          	add	a1,a4,a5
		buffer[i] = buffer[len-i-1];
 52c:	fff6c883          	lbu	a7,-1(a3)
		char j = buffer[i];
 530:	0005c803          	lbu	a6,0(a1)
	for (i = 0; i < len / 2; i++) {
 534:	16fd                	addi	a3,a3,-1
		buffer[i] = buffer[len-i-1];
 536:	01158023          	sb	a7,0(a1)
		buffer[len-i-1] = j;
 53a:	01068023          	sb	a6,0(a3)
	for (i = 0; i < len / 2; i++) {
 53e:	0785                	addi	a5,a5,1
 540:	bfe9                	j	51a <mini_itoa.part.0+0x6e>

00000542 <DevSetMode>:
	if(mode) {
 542:	4000c7b7          	lui	a5,0x4000c
 546:	10078793          	addi	a5,a5,256 # 4000c100 <_eusrstack+0x20009100>
		BB->CTRL_CFG = DEVSETMODE_ON;
 54a:	4398                	lw	a4,0(a5)
 54c:	fffd06b7          	lui	a3,0xfffd0
 550:	16fd                	addi	a3,a3,-1 # fffcffff <_eusrstack+0xdffccfff>
 552:	8f75                	and	a4,a4,a3
	if(mode) {
 554:	c115                	beqz	a0,578 <DevSetMode+0x36>
		BB->CTRL_CFG = DEVSETMODE_ON;
 556:	000206b7          	lui	a3,0x20
 55a:	8f55                	or	a4,a4,a3
 55c:	c398                	sw	a4,0(a5)
		RF->RF2 |= 0x330000;
 55e:	4000d737          	lui	a4,0x4000d
 562:	471c                	lw	a5,8(a4)
 564:	003306b7          	lui	a3,0x330
 568:	8fd5                	or	a5,a5,a3
 56a:	c71c                	sw	a5,8(a4)
	LL->CTRL_MOD = mode;
 56c:	4000c7b7          	lui	a5,0x4000c
 570:	20078793          	addi	a5,a5,512 # 4000c200 <_eusrstack+0x20009200>
 574:	cba8                	sw	a0,80(a5)
}
 576:	8082                	ret
		BB->CTRL_CFG = DEVSETMODE_OFF;
 578:	66c1                	lui	a3,0x10
 57a:	8f55                	or	a4,a4,a3
 57c:	c398                	sw	a4,0(a5)
		RF->RF2 &= 0xffcdffff;
 57e:	4000d6b7          	lui	a3,0x4000d
 582:	469c                	lw	a5,8(a3)
 584:	ffce0737          	lui	a4,0xffce0
 588:	177d                	addi	a4,a4,-1 # ffcdffff <_eusrstack+0xdfcdcfff>
 58a:	8ff9                	and	a5,a5,a4
 58c:	c69c                	sw	a5,8(a3)
 58e:	bff9                	j	56c <DevSetMode+0x2a>

00000590 <RFEND_TXCTune>:
	RF->RF1 &= 0xfffffffe;
 590:	4000d7b7          	lui	a5,0x4000d
 594:	43d8                	lw	a4,4(a5)
	RF->TXTUNE_CTRL = (RF->TXTUNE_CTRL & 0xfffe00ff) | (0xbf00 + (channel_map[channel] << 8));
 596:	6631                	lui	a2,0xc
 598:	f0060613          	addi	a2,a2,-256 # bf00 <synthpass.c.6ac06e92+0x9842>
	RF->RF1 &= 0xfffffffe;
 59c:	9b79                	andi	a4,a4,-2
 59e:	c3d8                	sw	a4,4(a5)
	RF->TXTUNE_CTRL = (RF->TXTUNE_CTRL & 0xfffe00ff) | (0xbf00 + (channel_map[channel] << 8));
 5a0:	6705                	lui	a4,0x1
 5a2:	f5c70713          	addi	a4,a4,-164 # f5c <channel_map>
 5a6:	972a                	add	a4,a4,a0
 5a8:	00074703          	lbu	a4,0(a4)
 5ac:	5f94                	lw	a3,56(a5)
 5ae:	0722                	slli	a4,a4,0x8
 5b0:	9732                	add	a4,a4,a2
 5b2:	7601                	lui	a2,0xfffe0
 5b4:	0ff60613          	addi	a2,a2,255 # fffe00ff <_eusrstack+0xdffdd0ff>
 5b8:	8ef1                	and	a3,a3,a2
 5ba:	8f55                	or	a4,a4,a3
 5bc:	df98                	sw	a4,56(a5)
	RF->RF1 |= 1;
 5be:	43d8                	lw	a4,4(a5)
	LL->TMR = 8000;
 5c0:	6689                	lui	a3,0x2
 5c2:	f4068693          	addi	a3,a3,-192 # 1f40 <ch32fun.c.aabf242e+0x73c>
	RF->RF1 |= 1;
 5c6:	00176713          	ori	a4,a4,1
 5ca:	c3d8                	sw	a4,4(a5)
	LL->TMR = 8000;
 5cc:	4000c737          	lui	a4,0x4000c
 5d0:	20070713          	addi	a4,a4,512 # 4000c200 <_eusrstack+0x20009200>
 5d4:	d374                	sw	a3,100(a4)
	while(!(RF->TXCTUNE_CO_CTRL & (1 << 25)) || !(RF->TXCTUNE_CO_CTRL & (1 << 26))) {
 5d6:	0907a683          	lw	a3,144(a5) # 4000d090 <_eusrstack+0x2000a090>
 5da:	00669613          	slli	a2,a3,0x6
 5de:	00065863          	bgez	a2,5ee <RFEND_TXCTune+0x5e>
 5e2:	0907a683          	lw	a3,144(a5)
 5e6:	00569613          	slli	a2,a3,0x5
 5ea:	00064463          	bltz	a2,5f2 <RFEND_TXCTune+0x62>
		if(LL->TMR == 0) {
 5ee:	5374                	lw	a3,100(a4)
 5f0:	f2fd                	bnez	a3,5d6 <RFEND_TXCTune+0x46>
	uint8_t nCO = (uint8_t)RF->TXCTUNE_CO_CTRL & 0x3f;
 5f2:	4000d7b7          	lui	a5,0x4000d
 5f6:	0907a503          	lw	a0,144(a5) # 4000d090 <_eusrstack+0x2000a090>
	uint8_t nGA = (uint8_t)(RF->TXCTUNE_GA_CTRL >> 10) & 0x7f;
 5fa:	0947a783          	lw	a5,148(a5)
	return (nGA << 24) | nCO;
 5fe:	03f57513          	andi	a0,a0,63
	uint8_t nGA = (uint8_t)(RF->TXCTUNE_GA_CTRL >> 10) & 0x7f;
 602:	83a9                	srli	a5,a5,0xa
	return (nGA << 24) | nCO;
 604:	07f7f793          	andi	a5,a5,127
 608:	07e2                	slli	a5,a5,0x18
}
 60a:	8d5d                	or	a0,a0,a5
 60c:	8082                	ret

0000060e <DevSetChannel>:
	RF->RF11 &= 0xfffffffd;
 60e:	4000d737          	lui	a4,0x4000d
 612:	575c                	lw	a5,44(a4)
	BB->CTRL_CFG = (BB->CTRL_CFG & 0xffffff80) | (channel & 0x7f);
 614:	07f57513          	andi	a0,a0,127
	RF->RF11 &= 0xfffffffd;
 618:	9bf5                	andi	a5,a5,-3
 61a:	d75c                	sw	a5,44(a4)
	BB->CTRL_CFG = (BB->CTRL_CFG & 0xffffff80) | (channel & 0x7f);
 61c:	4000c737          	lui	a4,0x4000c
 620:	10070713          	addi	a4,a4,256 # 4000c100 <_eusrstack+0x20009100>
 624:	431c                	lw	a5,0(a4)
 626:	f807f793          	andi	a5,a5,-128
 62a:	8fc9                	or	a5,a5,a0
 62c:	c31c                	sw	a5,0(a4)
}
 62e:	8082                	ret

00000630 <handle_reset>:
	asm volatile( "\n\
 630:	20000197          	auipc	gp,0x20000
 634:	06418193          	addi	gp,gp,100 # 20000694 <__global_pointer$>
 638:	20003117          	auipc	sp,0x20003
 63c:	9c810113          	addi	sp,sp,-1592 # 20003000 <_eusrstack>
	asm volatile(
 640:	c0418513          	addi	a0,gp,-1020 # 20000298 <synthpass_uid>
 644:	20000597          	auipc	a1,0x20000
 648:	0a458593          	addi	a1,a1,164 # 200006e8 <_ebss>
 64c:	00b57763          	bgeu	a0,a1,65a <handle_reset+0x2a>
 650:	00052023          	sw	zero,0(a0) # ff000000 <_eusrstack+0xdeffd000>
 654:	0511                	addi	a0,a0,4
 656:	feb56de3          	bltu	a0,a1,650 <handle_reset+0x20>
 65a:	09000513          	li	a0,144
 65e:	20000597          	auipc	a1,0x20000
 662:	9a258593          	addi	a1,a1,-1630 # 20000000 <iSLERRSSI>
 666:	20000617          	auipc	a2,0x20000
 66a:	c3260613          	addi	a2,a2,-974 # 20000298 <synthpass_uid>
 66e:	00c5fa63          	bgeu	a1,a2,682 <handle_reset+0x52>
 672:	00052283          	lw	t0,0(a0)
 676:	0055a023          	sw	t0,0(a1)
 67a:	0511                	addi	a0,a0,4
 67c:	0591                	addi	a1,a1,4
 67e:	fec5eae3          	bltu	a1,a2,672 <handle_reset+0x42>
 682:	00001517          	auipc	a0,0x1
 686:	90250513          	addi	a0,a0,-1790 # f84 <_data_lma>
 68a:	c0418593          	addi	a1,gp,-1020 # 20000298 <synthpass_uid>
 68e:	c0418613          	addi	a2,gp,-1020 # 20000298 <synthpass_uid>
 692:	00c58a63          	beq	a1,a2,6a6 <handle_reset+0x76>
 696:	00052283          	lw	t0,0(a0)
 69a:	0055a023          	sw	t0,0(a1)
 69e:	0511                	addi	a0,a0,4
 6a0:	0591                	addi	a1,a1,4
 6a2:	fec5eae3          	bltu	a1,a2,696 <handle_reset+0x66>
	asm volatile(
 6a6:	00000793          	li	a5,0
 6aa:	42fd                	li	t0,31
 6ac:	bc029073          	csrw	0xbc0,t0
 6b0:	6289                	lui	t0,0x2
 6b2:	88828293          	addi	t0,t0,-1912 # 1888 <ch32fun.c.aabf242e+0x84>
 6b6:	3002a073          	csrs	mstatus,t0
 6ba:	00000297          	auipc	t0,0x0
 6be:	94628293          	addi	t0,t0,-1722 # 0 <InterruptVector>
 6c2:	0032e293          	ori	t0,t0,3
 6c6:	30529073          	csrw	mtvec,t0
	SysTick->CTLR = 1;
 6ca:	e000f7b7          	lui	a5,0xe000f
 6ce:	4705                	li	a4,1
 6d0:	c398                	sw	a4,0(a5)
	asm volatile(
 6d2:	6785                	lui	a5,0x1
 6d4:	a9478793          	addi	a5,a5,-1388 # a94 <main>
 6d8:	34179073          	csrw	mepc,a5
 6dc:	30200073          	mret

000006e0 <ADC1_2_IRQHandler>:
	asm volatile( "1: j 1b" );
 6e0:	a001                	j	6e0 <ADC1_2_IRQHandler>

000006e2 <strlen>:
	for (; *s; s++);
 6e2:	87aa                	mv	a5,a0
 6e4:	0007c703          	lbu	a4,0(a5)
 6e8:	e701                	bnez	a4,6f0 <strlen+0xe>
}
 6ea:	40a78533          	sub	a0,a5,a0
 6ee:	8082                	ret
	for (; *s; s++);
 6f0:	0785                	addi	a5,a5,1
 6f2:	bfcd                	j	6e4 <strlen+0x2>

000006f4 <mini_vpprintf>:
{
 6f4:	7175                	addi	sp,sp,-144
 6f6:	c522                	sw	s0,136(sp)
 6f8:	c326                	sw	s1,132(sp)
 6fa:	c14a                	sw	s2,128(sp)
 6fc:	dece                	sw	s3,124(sp)
 6fe:	dcd2                	sw	s4,120(sp)
 700:	dad6                	sw	s5,116(sp)
 702:	d8da                	sw	s6,112(sp)
 704:	d4e2                	sw	s8,104(sp)
 706:	c706                	sw	ra,140(sp)
 708:	d6de                	sw	s7,108(sp)
 70a:	d2e6                	sw	s9,100(sp)
 70c:	d0ea                	sw	s10,96(sp)
 70e:	ceee                	sw	s11,92(sp)
 710:	84aa                	mv	s1,a0
 712:	c62e                	sw	a1,12(sp)
 714:	8432                	mv	s0,a2
 716:	8c36                	mv	s8,a3
	int n = 0;
 718:	4901                	li	s2,0
		if (ch!='%') {
 71a:	02500a13          	li	s4,37
			if (ch == '0') pad_char = '0';
 71e:	03000993          	li	s3,48
			while (ch >= '0' && ch <= '9') {
 722:	4aa5                	li	s5,9
				pad_to = pad_to * 10 + (ch - '0');
 724:	4b29                	li	s6,10
	while ((ch=*(fmt++))) {
 726:	00044783          	lbu	a5,0(s0)
 72a:	00f10fa3          	sb	a5,31(sp)
 72e:	cbc9                	beqz	a5,7c0 <mini_vpprintf+0xcc>
		if (ch!='%') {
 730:	01478a63          	beq	a5,s4,744 <mini_vpprintf+0x50>
	while ((ch=*(fmt++))) {
 734:	0405                	addi	s0,s0,1
					len = puts(&ch, len, buf);
 736:	4632                	lw	a2,12(sp)
 738:	4585                	li	a1,1
 73a:	01f10513          	addi	a0,sp,31
 73e:	9482                	jalr	s1
					break;
 740:	8be2                	mv	s7,s8
 742:	a219                	j	848 <mini_vpprintf+0x154>
			ch=*(fmt++);
 744:	00144783          	lbu	a5,1(s0)
 748:	00240713          	addi	a4,s0,2
			if (ch == '0') pad_char = '0';
 74c:	8cce                	mv	s9,s3
			ch=*(fmt++);
 74e:	00f10fa3          	sb	a5,31(sp)
			if (ch == '0') pad_char = '0';
 752:	09379763          	bne	a5,s3,7e0 <mini_vpprintf+0xec>
				ch=*(fmt++);
 756:	843a                	mv	s0,a4
 758:	4d81                	li	s11,0
 75a:	4701                	li	a4,0
 75c:	a801                	j	76c <mini_vpprintf+0x78>
				pad_to = pad_to * 10 + (ch - '0');
 75e:	036d8db3          	mul	s11,s11,s6
				ch=*(fmt++);
 762:	00044783          	lbu	a5,0(s0)
 766:	0405                	addi	s0,s0,1
 768:	4705                	li	a4,1
				pad_to = pad_to * 10 + (ch - '0');
 76a:	9db6                	add	s11,s11,a3
			while (ch >= '0' && ch <= '9') {
 76c:	fd078693          	addi	a3,a5,-48
 770:	0ff6f613          	zext.b	a2,a3
 774:	fecaf5e3          	bgeu	s5,a2,75e <mini_vpprintf+0x6a>
 778:	c319                	beqz	a4,77e <mini_vpprintf+0x8a>
 77a:	00f10fa3          	sb	a5,31(sp)
			if(pad_to > (signed int) sizeof(bf)) {
 77e:	4761                	li	a4,24
 780:	8d6e                	mv	s10,s11
 782:	01b75363          	bge	a4,s11,788 <mini_vpprintf+0x94>
 786:	8d3a                	mv	s10,a4
			if (ch == 'l') {
 788:	06c00693          	li	a3,108
			char l = 0;
 78c:	4701                	li	a4,0
			if (ch == 'l') {
 78e:	00d79863          	bne	a5,a3,79e <mini_vpprintf+0xaa>
				ch=*(fmt++);
 792:	00044783          	lbu	a5,0(s0)
				l = 1;
 796:	4705                	li	a4,1
				ch=*(fmt++);
 798:	0405                	addi	s0,s0,1
 79a:	00f10fa3          	sb	a5,31(sp)
			switch (ch) {
 79e:	01f14683          	lbu	a3,31(sp)
 7a2:	06400793          	li	a5,100
 7a6:	06f68a63          	beq	a3,a5,81a <mini_vpprintf+0x126>
 7aa:	02d7ee63          	bltu	a5,a3,7e6 <mini_vpprintf+0xf2>
 7ae:	05800793          	li	a5,88
 7b2:	0af68763          	beq	a3,a5,860 <mini_vpprintf+0x16c>
 7b6:	06300793          	li	a5,99
 7ba:	0cf68463          	beq	a3,a5,882 <mini_vpprintf+0x18e>
 7be:	fea5                	bnez	a3,736 <mini_vpprintf+0x42>
}
 7c0:	40ba                	lw	ra,140(sp)
 7c2:	442a                	lw	s0,136(sp)
 7c4:	449a                	lw	s1,132(sp)
 7c6:	59f6                	lw	s3,124(sp)
 7c8:	5a66                	lw	s4,120(sp)
 7ca:	5ad6                	lw	s5,116(sp)
 7cc:	5b46                	lw	s6,112(sp)
 7ce:	5bb6                	lw	s7,108(sp)
 7d0:	5c26                	lw	s8,104(sp)
 7d2:	5c96                	lw	s9,100(sp)
 7d4:	5d06                	lw	s10,96(sp)
 7d6:	4df6                	lw	s11,92(sp)
 7d8:	854a                	mv	a0,s2
 7da:	490a                	lw	s2,128(sp)
 7dc:	6149                	addi	sp,sp,144
 7de:	8082                	ret
			char pad_char = ' ';
 7e0:	02000c93          	li	s9,32
 7e4:	bf8d                	j	756 <mini_vpprintf+0x62>
			switch (ch) {
 7e6:	07500793          	li	a5,117
 7ea:	02f68863          	beq	a3,a5,81a <mini_vpprintf+0x126>
 7ee:	07800793          	li	a5,120
 7f2:	06f68763          	beq	a3,a5,860 <mini_vpprintf+0x16c>
 7f6:	07300793          	li	a5,115
 7fa:	f2f69ee3          	bne	a3,a5,736 <mini_vpprintf+0x42>
					ptr = va_arg(va, char*);
 7fe:	004c0b93          	addi	s7,s8,4
 802:	000c2c03          	lw	s8,0(s8)
					len = mini_strlen(ptr);
 806:	8562                	mv	a0,s8
 808:	3de9                	jal	6e2 <strlen>
 80a:	85aa                	mv	a1,a0
					if (pad_to > 0) {
 80c:	09b05863          	blez	s11,89c <mini_vpprintf+0x1a8>
						len = mini_pad(ptr, len, pad_char, pad_to, bf);
 810:	1838                	addi	a4,sp,56
 812:	86ea                	mv	a3,s10
 814:	8666                	mv	a2,s9
 816:	8562                	mv	a0,s8
 818:	a01d                	j	83e <mini_vpprintf+0x14a>
						len = mini_itoa(va_arg(va, unsigned long), 10, 0, (ch=='u'), bf2);
 81a:	004c0b93          	addi	s7,s8,4
					if(l) {
 81e:	cb05                	beqz	a4,84e <mini_vpprintf+0x15a>
						len = mini_itoa(va_arg(va, unsigned long), 10, 0, (ch=='u'), bf2);
 820:	f8b68693          	addi	a3,a3,-117
 824:	1018                	addi	a4,sp,32
 826:	0016b693          	seqz	a3,a3
 82a:	000c2503          	lw	a0,0(s8)
 82e:	4601                	li	a2,0
 830:	45a9                	li	a1,10
 832:	39ad                	jal	4ac <mini_itoa.part.0>
					len = mini_pad(bf2, len, pad_char, pad_to, bf);
 834:	1838                	addi	a4,sp,56
 836:	86ea                	mv	a3,s10
 838:	8666                	mv	a2,s9
 83a:	85aa                	mv	a1,a0
 83c:	1008                	addi	a0,sp,32
 83e:	34ed                	jal	328 <mini_pad>
					len = puts(bf, len, buf);
 840:	4632                	lw	a2,12(sp)
					len = mini_pad(bf2, len, pad_char, pad_to, bf);
 842:	85aa                	mv	a1,a0
					len = puts(bf, len, buf);
 844:	1828                	addi	a0,sp,56
						len = puts(ptr, len, buf);
 846:	9482                	jalr	s1
		n = n + len;
 848:	992a                	add	s2,s2,a0
 84a:	8c5e                	mv	s8,s7
 84c:	bde9                	j	726 <mini_vpprintf+0x32>
						if(ch == 'u') {
 84e:	07500793          	li	a5,117
 852:	1018                	addi	a4,sp,32
 854:	00f69463          	bne	a3,a5,85c <mini_vpprintf+0x168>
	if (radix > 16)
 858:	4685                	li	a3,1
 85a:	bfc1                	j	82a <mini_vpprintf+0x136>
 85c:	4681                	li	a3,0
 85e:	b7f1                	j	82a <mini_vpprintf+0x136>
					if(l) {
 860:	000c2503          	lw	a0,0(s8)
						len = mini_itoa(va_arg(va, unsigned long), 16, (ch=='X'), 1, bf2);
 864:	fa868613          	addi	a2,a3,-88
 868:	1018                	addi	a4,sp,32
 86a:	4685                	li	a3,1
 86c:	00163613          	seqz	a2,a2
 870:	45c1                	li	a1,16
 872:	392d                	jal	4ac <mini_itoa.part.0>
						len = mini_itoa(va_arg(va, unsigned long), 10, 0, (ch=='u'), bf2);
 874:	004c0b93          	addi	s7,s8,4
	if (radix > 16)
 878:	85aa                	mv	a1,a0
					len = mini_pad(bf2, len, pad_char, pad_to, bf);
 87a:	1838                	addi	a4,sp,56
 87c:	86ea                	mv	a3,s10
 87e:	8666                	mv	a2,s9
 880:	bf75                	j	83c <mini_vpprintf+0x148>
					ch = (char)(va_arg(va, int));
 882:	000c2783          	lw	a5,0(s8)
 886:	004c0b93          	addi	s7,s8,4
					len = mini_pad(&ch, 1, pad_char, pad_to, bf);
 88a:	1838                	addi	a4,sp,56
					ch = (char)(va_arg(va, int));
 88c:	00f10fa3          	sb	a5,31(sp)
					len = mini_pad(&ch, 1, pad_char, pad_to, bf);
 890:	86ea                	mv	a3,s10
 892:	8666                	mv	a2,s9
 894:	4585                	li	a1,1
 896:	01f10513          	addi	a0,sp,31
 89a:	b755                	j	83e <mini_vpprintf+0x14a>
						len = puts(ptr, len, buf);
 89c:	4632                	lw	a2,12(sp)
 89e:	8562                	mv	a0,s8
 8a0:	b75d                	j	846 <mini_vpprintf+0x152>

000008a2 <printf>:
{
 8a2:	7139                	addi	sp,sp,-64
 8a4:	d432                	sw	a2,40(sp)
	int ret_status = mini_vpprintf(__puts_uart, 0, format, args);
 8a6:	862a                	mv	a2,a0
{
 8a8:	d22e                	sw	a1,36(sp)
 8aa:	d636                	sw	a3,44(sp)
	int ret_status = mini_vpprintf(__puts_uart, 0, format, args);
 8ac:	4581                	li	a1,0
	va_start( args, format );
 8ae:	1054                	addi	a3,sp,36
	int ret_status = mini_vpprintf(__puts_uart, 0, format, args);
 8b0:	49800513          	li	a0,1176
{
 8b4:	ce06                	sw	ra,28(sp)
 8b6:	d83a                	sw	a4,48(sp)
 8b8:	da3e                	sw	a5,52(sp)
 8ba:	dc42                	sw	a6,56(sp)
 8bc:	de46                	sw	a7,60(sp)
	va_start( args, format );
 8be:	c636                	sw	a3,12(sp)
	int ret_status = mini_vpprintf(__puts_uart, 0, format, args);
 8c0:	3d15                	jal	6f4 <mini_vpprintf>
}
 8c2:	40f2                	lw	ra,28(sp)
 8c4:	6121                	addi	sp,sp,64
 8c6:	8082                	ret

000008c8 <memset>:
WEAK void *memset(void *dest, int c, size_t n) { unsigned char *s = dest; for (; n; n--, s++) *s = c; return dest; }
 8c8:	962a                	add	a2,a2,a0
 8ca:	87aa                	mv	a5,a0
 8cc:	00c79363          	bne	a5,a2,8d2 <memset+0xa>
 8d0:	8082                	ret
 8d2:	00b78023          	sb	a1,0(a5)
 8d6:	0785                	addi	a5,a5,1
 8d8:	bfd5                	j	8cc <memset+0x4>

000008da <strncmp>:
	if (!n--) return 0;
 8da:	ce05                	beqz	a2,912 <strncmp+0x38>
 8dc:	167d                	addi	a2,a2,-1
 8de:	4801                	li	a6,0
	for (; *l && *r && n && *l == *r ; l++, r++, n--);
 8e0:	010507b3          	add	a5,a0,a6
 8e4:	0007c683          	lbu	a3,0(a5)
 8e8:	010587b3          	add	a5,a1,a6
 8ec:	0007c783          	lbu	a5,0(a5)
 8f0:	40f68733          	sub	a4,a3,a5
 8f4:	ce89                	beqz	a3,90e <strncmp+0x34>
 8f6:	00173693          	seqz	a3,a4
 8fa:	00f037b3          	snez	a5,a5
 8fe:	8ff5                	and	a5,a5,a3
 900:	410606b3          	sub	a3,a2,a6
 904:	00d036b3          	snez	a3,a3
 908:	8ff5                	and	a5,a5,a3
 90a:	0805                	addi	a6,a6,1
 90c:	fbf1                	bnez	a5,8e0 <strncmp+0x6>
	return *l - *r;
 90e:	853a                	mv	a0,a4
 910:	8082                	ret
	if (!n--) return 0;
 912:	4501                	li	a0,0
}
 914:	8082                	ret

00000916 <putchar>:

// single to debug intf
WEAK int putchar(int c)
{
	if( ( *DMDATA0 & 0xc0 ) == 0xc0 ) return 0;
 916:	e00007b7          	lui	a5,0xe0000
 91a:	34078793          	addi	a5,a5,832 # e0000340 <_eusrstack+0xbfffd340>
 91e:	4398                	lw	a4,0(a5)
 920:	0c000693          	li	a3,192
 924:	0c077713          	andi	a4,a4,192
 928:	04d70263          	beq	a4,a3,96c <putchar+0x56>
 92c:	00100737          	lui	a4,0x100
 930:	0705                	addi	a4,a4,1 # 100001 <synthpass.c.6ac06e92+0xfd943>

	int timeout = FUNCONF_DEBUGPRINTF_TIMEOUT;
	uint32_t lastdmd = 0;

	while( ( lastdmd = (*DMDATA0) ) & 0x80 )
 932:	4394                	lw	a3,0(a5)
 934:	0806f613          	andi	a2,a3,128
 938:	e605                	bnez	a2,960 <putchar+0x4a>
			return 0;
		}
	}

	// Simply seeking input.
	if( lastdmd ) internal_handle_input( (uint32_t*)DMDATA0 );
 93a:	ca9d                	beqz	a3,970 <putchar+0x5a>
{
 93c:	1101                	addi	sp,sp,-32
 93e:	ce06                	sw	ra,28(sp)
 940:	c62a                	sw	a0,12(sp)
	if( lastdmd ) internal_handle_input( (uint32_t*)DMDATA0 );
 942:	349d                	jal	3a8 <internal_handle_input.constprop.0>
 944:	4532                	lw	a0,12(sp)

	// Write out character.
	*DMDATA0 = 0x85 | ((const char)c<<8);
	return 1;
}
 946:	40f2                	lw	ra,28(sp)
	*DMDATA0 = 0x85 | ((const char)c<<8);
 948:	e00007b7          	lui	a5,0xe0000
 94c:	0ff57513          	zext.b	a0,a0
 950:	0522                	slli	a0,a0,0x8
 952:	08556513          	ori	a0,a0,133
 956:	34a7a023          	sw	a0,832(a5) # e0000340 <_eusrstack+0xbfffd340>
 95a:	4505                	li	a0,1
}
 95c:	6105                	addi	sp,sp,32
 95e:	8082                	ret
		if( timeout-- == 0 )
 960:	177d                	addi	a4,a4,-1
 962:	fb61                	bnez	a4,932 <putchar+0x1c>
			*DMDATA0 |= 0xc0;
 964:	4398                	lw	a4,0(a5)
 966:	0c076713          	ori	a4,a4,192
 96a:	c398                	sw	a4,0(a5)
	if( ( *DMDATA0 & 0xc0 ) == 0xc0 ) return 0;
 96c:	4501                	li	a0,0
 96e:	8082                	ret
	*DMDATA0 = 0x85 | ((const char)c<<8);
 970:	0ff57513          	zext.b	a0,a0
 974:	0522                	slli	a0,a0,0x8
 976:	08556513          	ori	a0,a0,133
 97a:	e00007b7          	lui	a5,0xe0000
 97e:	34a7a023          	sw	a0,832(a5) # e0000340 <_eusrstack+0xbfffd340>
 982:	4505                	li	a0,1
}
 984:	8082                	ret

00000986 <SystemInit>:
	}
	else
	{
		if((sc & RB_CLK_SYS_MOD) == 0x40) // PLL div
		{
			SYS_SAFE_ACCESS(
 986:	400017b7          	lui	a5,0x40001
 98a:	04078793          	addi	a5,a5,64 # 40001040 <_eusrstack+0x1fffe040>
 98e:	05700593          	li	a1,87
 992:	00b78023          	sb	a1,0(a5)
 996:	fa800613          	li	a2,-88
 99a:	00c78023          	sb	a2,0(a5)
 99e:	0001                	nop
 9a0:	0001                	nop
 9a2:	40001737          	lui	a4,0x40001
 9a6:	00a74683          	lbu	a3,10(a4) # 4000100a <_eusrstack+0x1fffe00a>
 9aa:	0106e693          	ori	a3,a3,16
 9ae:	00d70523          	sb	a3,10(a4)
 9b2:	40002737          	lui	a4,0x40002
 9b6:	4685                	li	a3,1
 9b8:	80d703a3          	sb	a3,-2041(a4) # 40001807 <_eusrstack+0x1fffe807>
 9bc:	80574683          	lbu	a3,-2043(a4)
 9c0:	0106e693          	ori	a3,a3,16
 9c4:	80d702a3          	sb	a3,-2043(a4)
 9c8:	00078023          	sb	zero,0(a5)
 9cc:	0001                	nop
 9ce:	0001                	nop
		{
			SYS_SAFE_ACCESS(
				R8_FLASH_CFG = (sc & 0x1F) ? 0x02 : 0x07;
			);
		}
		SYS_SAFE_ACCESS(
 9d0:	00b78023          	sb	a1,0(a5)
 9d4:	00c78023          	sb	a2,0(a5)
 9d8:	0001                	nop
 9da:	0001                	nop
 9dc:	40001737          	lui	a4,0x40001
 9e0:	04a00693          	li	a3,74
 9e4:	00d70423          	sb	a3,8(a4) # 40001008 <_eusrstack+0x1fffe008>
 9e8:	00078023          	sb	zero,0(a5)
 9ec:	0001                	nop
 9ee:	0001                	nop
	*DMDATA1 = 0x00;
 9f0:	e00007b7          	lui	a5,0xe0000
 9f4:	3407a223          	sw	zero,836(a5) # e0000344 <_eusrstack+0xbfffd344>
	*DMDATA0 = 0x80;
 9f8:	08000713          	li	a4,128
 9fc:	34e7a023          	sw	a4,832(a5)
	SetupDebugPrintf();
#endif
#if defined(FUNCONF_SUPPORT_CONSTRUCTORS) && FUNCONF_SUPPORT_CONSTRUCTORS
	CallConstructors();
#endif
}
 a00:	8082                	ret

00000a02 <LLE_IRQHandler>:
void LLE_IRQHandler() {
 a02:	715d                	addi	sp,sp,-80
 a04:	de22                	sw	s0,60(sp)
		rx_flag = LL->STATUS & 1;
 a06:	4000c437          	lui	s0,0x4000c
 a0a:	20040413          	addi	s0,s0,512 # 4000c200 <_eusrstack+0x20009200>
void LLE_IRQHandler() {
 a0e:	dc26                	sw	s1,56(sp)
 a10:	d23a                	sw	a4,36(sp)
		rx_flag = LL->STATUS & 1;
 a12:	4404                	lw	s1,8(s0)
void LLE_IRQHandler() {
 a14:	d03e                	sw	a5,32(sp)
		LL->STATUS &= LL->INT_EN;
 a16:	4458                	lw	a4,12(s0)
 a18:	441c                	lw	a5,8(s0)
void LLE_IRQHandler() {
 a1a:	da2a                	sw	a0,52(sp)
 a1c:	c686                	sw	ra,76(sp)
 a1e:	c496                	sw	t0,72(sp)
 a20:	c29a                	sw	t1,68(sp)
 a22:	c09e                	sw	t2,64(sp)
 a24:	d82e                	sw	a1,48(sp)
 a26:	d632                	sw	a2,44(sp)
 a28:	d436                	sw	a3,40(sp)
 a2a:	ce42                	sw	a6,28(sp)
 a2c:	cc46                	sw	a7,24(sp)
 a2e:	ca72                	sw	t3,20(sp)
 a30:	c876                	sw	t4,16(sp)
 a32:	c67a                	sw	t5,12(sp)
 a34:	c47e                	sw	t6,8(sp)
		LL->STATUS &= LL->INT_EN;
 a36:	8ff9                	and	a5,a5,a4
		BB->CTRL_TX = (BB->CTRL_TX & 0xfffffffc) | 1;
 a38:	4000c737          	lui	a4,0x4000c
		LL->STATUS &= LL->INT_EN;
 a3c:	c41c                	sw	a5,8(s0)
		BB->CTRL_TX = (BB->CTRL_TX & 0xfffffffc) | 1;
 a3e:	10070713          	addi	a4,a4,256 # 4000c100 <_eusrstack+0x20009100>
 a42:	5b5c                	lw	a5,52(a4)
	DevSetMode(0);
 a44:	4501                	li	a0,0
	if( rx_flag )
 a46:	8885                	andi	s1,s1,1
		BB->CTRL_TX = (BB->CTRL_TX & 0xfffffffc) | 1;
 a48:	9bf1                	andi	a5,a5,-4
 a4a:	0017e793          	ori	a5,a5,1
 a4e:	db5c                	sw	a5,52(a4)
	DevSetMode(0);
 a50:	3ccd                	jal	542 <DevSetMode>
	LL->CTRL_MOD &= CTRL_MOD_RFSTOP;
 a52:	483c                	lw	a5,80(s0)
 a54:	8ff7f793          	andi	a5,a5,-1793
 a58:	c83c                	sw	a5,80(s0)
	LL->LL0 |= 0x08;
 a5a:	401c                	lw	a5,0(s0)
 a5c:	0087e793          	ori	a5,a5,8
 a60:	c01c                	sw	a5,0(s0)
	if( rx_flag )
 a62:	c481                	beqz	s1,a6a <LLE_IRQHandler+0x68>
		rx_ready = 1;
 a64:	4705                	li	a4,1
 a66:	c0e1a823          	sw	a4,-1008(gp) # 200002a4 <rx_ready>
}
 a6a:	5472                	lw	s0,60(sp)
 a6c:	40b6                	lw	ra,76(sp)
 a6e:	42a6                	lw	t0,72(sp)
 a70:	4316                	lw	t1,68(sp)
 a72:	4386                	lw	t2,64(sp)
 a74:	54e2                	lw	s1,56(sp)
 a76:	5552                	lw	a0,52(sp)
 a78:	55c2                	lw	a1,48(sp)
 a7a:	5632                	lw	a2,44(sp)
 a7c:	56a2                	lw	a3,40(sp)
 a7e:	5712                	lw	a4,36(sp)
 a80:	5782                	lw	a5,32(sp)
 a82:	4872                	lw	a6,28(sp)
 a84:	48e2                	lw	a7,24(sp)
 a86:	4e52                	lw	t3,20(sp)
 a88:	4ec2                	lw	t4,16(sp)
 a8a:	4f32                	lw	t5,12(sp)
 a8c:	4fa2                	lw	t6,8(sp)
 a8e:	6161                	addi	sp,sp,80
 a90:	30200073          	mret

00000a94 <main>:

	printf("\n");
}

int main()
{
 a94:	7159                	addi	sp,sp,-112
 a96:	d686                	sw	ra,108(sp)
 a98:	d4a2                	sw	s0,104(sp)
 a9a:	d2a6                	sw	s1,100(sp)
 a9c:	d0ca                	sw	s2,96(sp)
 a9e:	cece                	sw	s3,92(sp)
 aa0:	ccd2                	sw	s4,88(sp)
 aa2:	cad6                	sw	s5,84(sp)
 aa4:	c8da                	sw	s6,80(sp)
 aa6:	c6de                	sw	s7,76(sp)
 aa8:	c4e2                	sw	s8,72(sp)
 aaa:	c2e6                	sw	s9,68(sp)
	SystemInit();
 aac:	3de9                	jal	986 <SystemInit>
		*(&R32_PA_PD_DRV + OFFSET_FOR_GPIOB(pin)) |= (pin & ~PB);
		*(&R32_PA_PU + OFFSET_FOR_GPIOB(pin))     &= ~(pin & ~PB);
		*(&R32_PA_DIR + OFFSET_FOR_GPIOB(pin))    &= ~(pin & ~PB);
		break;
	case GPIO_ModeOut_PP_5mA:
		*(&R32_PA_PD_DRV + OFFSET_FOR_GPIOB(pin)) &= ~(pin & ~PB);
 aae:	400017b7          	lui	a5,0x40001
 ab2:	0b478793          	addi	a5,a5,180 # 400010b4 <_eusrstack+0x1fffe0b4>
 ab6:	4398                	lw	a4,0(a5)
 ab8:	76fd                	lui	a3,0xfffff
 aba:	7ff68693          	addi	a3,a3,2047 # fffff7ff <_eusrstack+0xdfffc7ff>
 abe:	8f75                	and	a4,a4,a3
 ac0:	c398                	sw	a4,0(a5)
		*(&R32_PA_DIR + OFFSET_FOR_GPIOB(pin))    |= (pin & ~PB);
 ac2:	400017b7          	lui	a5,0x40001
 ac6:	0a078793          	addi	a5,a5,160 # 400010a0 <_eusrstack+0x1fffe0a0>
 aca:	4398                	lw	a4,0(a5)
 acc:	6685                	lui	a3,0x1
 ace:	80068693          	addi	a3,a3,-2048 # 800 <mini_vpprintf+0x10c>
 ad2:	8f55                	or	a4,a4,a3
 ad4:	c398                	sw	a4,0(a5)
	uint64_t chip_uid = *(uint64_t*)(0x3F018);
 ad6:	0003f7b7          	lui	a5,0x3f
 ada:	4f98                	lw	a4,24(a5)
 adc:	4fdc                	lw	a5,28(a5)
	printf("Synthpass init! UID");
 ade:	6505                	lui	a0,0x1
	synthpass_uid = (chip_uid >> 32) ^ (chip_uid & 0xFFFFFFFF); 
 ae0:	8fb9                	xor	a5,a5,a4
	printf("Synthpass init! UID");
 ae2:	f1850513          	addi	a0,a0,-232 # f18 <main+0x484>
	synthpass_uid = (chip_uid >> 32) ^ (chip_uid & 0xFFFFFFFF); 
 ae6:	c0f1a223          	sw	a5,-1020(gp) # 20000298 <synthpass_uid>
	printf("Synthpass init! UID");
 aea:	4401                	li	s0,0
 aec:	3b5d                	jal	8a2 <printf>
		printf(":%02x", (synthpass_uid >> (8 * i)) & 0xFF);
 aee:	6485                	lui	s1,0x1
	for(int i = 0; i < 4; ++i) {
 af0:	02000993          	li	s3,32
		printf(":%02x", (synthpass_uid >> (8 * i)) & 0xFF);
 af4:	c041a583          	lw	a1,-1020(gp) # 20000298 <synthpass_uid>
 af8:	f2c48513          	addi	a0,s1,-212 # f2c <main+0x498>
 afc:	0085d5b3          	srl	a1,a1,s0
 b00:	0ff5f593          	zext.b	a1,a1
	for(int i = 0; i < 4; ++i) {
 b04:	0421                	addi	s0,s0,8
		printf(":%02x", (synthpass_uid >> (8 * i)) & 0xFF);
 b06:	3b71                	jal	8a2 <printf>
	for(int i = 0; i < 4; ++i) {
 b08:	ff3416e3          	bne	s0,s3,af4 <main+0x60>
	printf("\n");
 b0c:	4529                	li	a0,10
 b0e:	3521                	jal	916 <putchar>
	LL->LL5 = 0x8c;
 b10:	4000c7b7          	lui	a5,0x4000c
 b14:	20078793          	addi	a5,a5,512 # 4000c200 <_eusrstack+0x20009200>
 b18:	08c00713          	li	a4,140
 b1c:	cbd8                	sw	a4,20(a5)
	LL->LL7 = 0x76;
 b1e:	07600693          	li	a3,118
 b22:	cfd4                	sw	a3,28(a5)
	LL->LL9 = 0x8c;
 b24:	d3d8                	sw	a4,36(a5)
	LL->LL13 = 0x8c;
 b26:	dbd8                	sw	a4,52(a5)
	LL->LL17 = 0x8c;
 b28:	c3f8                	sw	a4,68(a5)
	LL->LL19 = 0x76;
 b2a:	c7f4                	sw	a3,76(a5)
	LL->LL11 = 0x6c;
 b2c:	06c00713          	li	a4,108
 b30:	d7d8                	sw	a4,44(a5)
	LL->LL15 = 0x6c;
 b32:	dfd8                	sw	a4,60(a5)
	LL->LL1 = 0x78;
 b34:	07800713          	li	a4,120
 b38:	c3d8                	sw	a4,4(a5)
	LL->INT_EN = 0x16000f;
 b3a:	00160737          	lui	a4,0x160
	LL->LL21 = 0;
 b3e:	0407aa23          	sw	zero,84(a5)
	LL->INT_EN = 0x16000f;
 b42:	073d                	addi	a4,a4,15 # 16000f <synthpass.c.6ac06e92+0x15d951>
	LL->RXBUF = (uint32_t)LLE_BUF;
 b44:	20000937          	lui	s2,0x20000
	LL->INT_EN = 0x16000f;
 b48:	c7d8                	sw	a4,12(a5)
	LL->RXBUF = (uint32_t)LLE_BUF;
 b4a:	2a890913          	addi	s2,s2,680 # 200002a8 <LLE_BUF>
 b4e:	0727ae23          	sw	s2,124(a5)
	LL->STATUS = 0xffffffff;
 b52:	577d                	li	a4,-1
	RF->RF10 = 0x480;
 b54:	4000d437          	lui	s0,0x4000d
	LL->STATUS = 0xffffffff;
 b58:	c798                	sw	a4,8(a5)
	RF->RF10 = 0x480;
 b5a:	48000793          	li	a5,1152
 b5e:	d41c                	sw	a5,40(s0)
	RF->RF12 &= 0xfff9ffff;
 b60:	581c                	lw	a5,48(s0)
 b62:	fffa0737          	lui	a4,0xfffa0
 b66:	177d                	addi	a4,a4,-1 # fff9ffff <_eusrstack+0xdff9cfff>
 b68:	8ff9                	and	a5,a5,a4
 b6a:	d81c                	sw	a5,48(s0)
	RF->RF12 |= 0x70000000;
 b6c:	581c                	lw	a5,48(s0)
 b6e:	70000737          	lui	a4,0x70000
	RF->RF15 = (RF->RF15 & 0xf8ffffff) | 0x2000000;
 b72:	020006b7          	lui	a3,0x2000
	RF->RF12 |= 0x70000000;
 b76:	8fd9                	or	a5,a5,a4
 b78:	d81c                	sw	a5,48(s0)
	RF->RF15 = (RF->RF15 & 0xf8ffffff) | 0x2000000;
 b7a:	5c5c                	lw	a5,60(s0)
 b7c:	f9000737          	lui	a4,0xf9000
 b80:	177d                	addi	a4,a4,-1 # f8ffffff <_eusrstack+0xd8ffcfff>
 b82:	8ff9                	and	a5,a5,a4
 b84:	8fd5                	or	a5,a5,a3
 b86:	dc5c                	sw	a5,60(s0)
	RF->RF15 = (RF->RF15 & 0x1fffffff) | 0x40000000;
 b88:	5c5c                	lw	a5,60(s0)
 b8a:	40000737          	lui	a4,0x40000
	BB->CTRL_TX = (BB->CTRL_TX & 0x1ffffff) | (TxPower | 0x40) << 0x19;
 b8e:	16fd                	addi	a3,a3,-1 # 1ffffff <synthpass.c.6ac06e92+0x1ffd941>
	RF->RF15 = (RF->RF15 & 0x1fffffff) | 0x40000000;
 b90:	078e                	slli	a5,a5,0x3
 b92:	838d                	srli	a5,a5,0x3
 b94:	8fd9                	or	a5,a5,a4
 b96:	dc5c                	sw	a5,60(s0)
	RF->RF18 &= 0xfff8ffff;
 b98:	443c                	lw	a5,72(s0)
 b9a:	fff90737          	lui	a4,0xfff90
 b9e:	177d                	addi	a4,a4,-1 # fff8ffff <_eusrstack+0xdff8cfff>
 ba0:	8ff9                	and	a5,a5,a4
 ba2:	c43c                	sw	a5,72(s0)
	RF->RF20 = (RF->RF20 & 0xfffff8ff) | 0x300;
 ba4:	483c                	lw	a5,80(s0)
	RF->RF23 |= 0x70000;
 ba6:	00070737          	lui	a4,0x70
	NVIC->VTFIDR[3] = 0x14;
 baa:	4c51                	li	s8,20
	RF->RF20 = (RF->RF20 & 0xfffff8ff) | 0x300;
 bac:	8ff7f793          	andi	a5,a5,-1793
 bb0:	3007e793          	ori	a5,a5,768
 bb4:	c83c                	sw	a5,80(s0)
	RF->RF23 |= 0x70000;
 bb6:	4c7c                	lw	a5,92(s0)
	DevSetMode(DEVSETMODE_TUNE);
 bb8:	55800513          	li	a0,1368
	RF->RF23 |= 0x70000;
 bbc:	8fd9                	or	a5,a5,a4
 bbe:	cc7c                	sw	a5,92(s0)
	RF->RF23 |= 0x700000;
 bc0:	4c7c                	lw	a5,92(s0)
 bc2:	00700737          	lui	a4,0x700
 bc6:	8fd9                	or	a5,a5,a4
 bc8:	cc7c                	sw	a5,92(s0)
	BB->BB14 = 0x2020c;
 bca:	00020737          	lui	a4,0x20
 bce:	4000c7b7          	lui	a5,0x4000c
 bd2:	10078793          	addi	a5,a5,256 # 4000c100 <_eusrstack+0x20009100>
 bd6:	20c70713          	addi	a4,a4,524 # 2020c <synthpass.c.6ac06e92+0x1db4e>
 bda:	df98                	sw	a4,56(a5)
	BB->BB15 = 0x50;
 bdc:	05000713          	li	a4,80
 be0:	dfd8                	sw	a4,60(a5)
	BB->CTRL_TX = (BB->CTRL_TX & 0x1ffffff) | (TxPower | 0x40) << 0x19;
 be2:	5bd8                	lw	a4,52(a5)
 be4:	8f75                	and	a4,a4,a3
 be6:	a40006b7          	lui	a3,0xa4000
 bea:	8f55                	or	a4,a4,a3
 bec:	dbd8                	sw	a4,52(a5)
	BB->CTRL_CFG &= 0xfffffcff;
 bee:	4398                	lw	a4,0(a5)
 bf0:	cff77713          	andi	a4,a4,-769
 bf4:	c398                	sw	a4,0(a5)
	NVIC->VTFIDR[3] = 0x14;
 bf6:	e000e7b7          	lui	a5,0xe000e
 bfa:	058789a3          	sb	s8,83(a5) # e000e053 <_eusrstack+0xc000b053>
	DevSetMode(DEVSETMODE_TUNE);
 bfe:	3291                	jal	542 <DevSetMode>
	RF->RF1 &= 0xfffffeff;
 c00:	405c                	lw	a5,4(s0)
	RF->RF10 &= 0xffffefff;
 c02:	777d                	lui	a4,0xfffff
 c04:	177d                	addi	a4,a4,-1 # ffffefff <_eusrstack+0xdfffbfff>
	RF->RF1 &= 0xfffffeff;
 c06:	eff7f793          	andi	a5,a5,-257
 c0a:	c05c                	sw	a5,4(s0)
	RF->RF10 &= 0xffffefff;
 c0c:	541c                	lw	a5,40(s0)
	uint32_t tune2401 = RFEND_TXCTune(37);
 c0e:	02500513          	li	a0,37
	RF->RF10 &= 0xffffefff;
 c12:	8ff9                	and	a5,a5,a4
 c14:	d41c                	sw	a5,40(s0)
	RF->RF11 &= 0xffffffef;
 c16:	545c                	lw	a5,44(s0)
	RF->RF2 |= 0x20000;
 c18:	00020737          	lui	a4,0x20
	RF->RF11 &= 0xffffffef;
 c1c:	9bbd                	andi	a5,a5,-17
 c1e:	d45c                	sw	a5,44(s0)
	RF->RF2 |= 0x20000;
 c20:	441c                	lw	a5,8(s0)
 c22:	8fd9                	or	a5,a5,a4
 c24:	c41c                	sw	a5,8(s0)
	RF->RF1 |= 0x10;
 c26:	405c                	lw	a5,4(s0)
 c28:	0107e793          	ori	a5,a5,16
 c2c:	c05c                	sw	a5,4(s0)
	uint32_t tune2401 = RFEND_TXCTune(37);
 c2e:	328d                	jal	590 <RFEND_TXCTune>
 c30:	842a                	mv	s0,a0
	uint8_t nGA2401 = (uint8_t)(tune2401 >> 24) & 0x7f;
 c32:	01855b13          	srli	s6,a0,0x18
	uint32_t tune2480 = RFEND_TXCTune(39);
 c36:	02700513          	li	a0,39
 c3a:	3a99                	jal	590 <RFEND_TXCTune>
	uint32_t dCO4080 = nCO2440 - nCO2480;
 c3c:	03f57b93          	andi	s7,a0,63
	uint8_t nGA2480 = (uint8_t)(tune2480 >> 24) & 0x7f;
 c40:	01855c93          	srli	s9,a0,0x18
	uint32_t tune2440 = RFEND_TXCTune(18);
 c44:	4549                	li	a0,18
 c46:	32a9                	jal	590 <RFEND_TXCTune>
	uint8_t nCO2440 = (uint8_t)(tune2440 & 0x3f);
 c48:	03f57a93          	andi	s5,a0,63
	uint8_t txctune_co[sizeof(RF->TXCTUNE_CO)] = {0};
 c4c:	02800613          	li	a2,40
	uint32_t tune2440 = RFEND_TXCTune(18);
 c50:	89aa                	mv	s3,a0
	uint8_t nGA2440 = (uint8_t)(tune2440 >> 24) & 0x7f;
 c52:	01855a13          	srli	s4,a0,0x18
	uint32_t dCO0140 = nCO2401 - nCO2440;
 c56:	03f47413          	andi	s0,s0,63
	uint8_t txctune_co[sizeof(RF->TXCTUNE_CO)] = {0};
 c5a:	4581                	li	a1,0
 c5c:	0828                	addi	a0,sp,24
 c5e:	31ad                	jal	8c8 <memset>
	uint32_t dCO0140 = nCO2401 - nCO2440;
 c60:	41540433          	sub	s0,s0,s5
	uint32_t dCO4080 = nCO2440 - nCO2480;
 c64:	03840633          	mul	a2,s0,s8
 c68:	417a8bb3          	sub	s7,s5,s7
	uint8_t txctune_co[sizeof(RF->TXCTUNE_CO)] = {0};
 c6c:	87aa                	mv	a5,a0
	for(int f = 0; f < int_points; f++) {
 c6e:	4701                	li	a4,0
		txctune_co[f] = tune | (tune << 4);
 c70:	00e785b3          	add	a1,a5,a4
	for(int f = 0; f < int_points; f++) {
 c74:	0705                	addi	a4,a4,1 # 20001 <synthpass.c.6ac06e92+0x1d943>
		txctune_co[f] = tune | (tune << 4);
 c76:	038656b3          	divu	a3,a2,s8
	for(int f = 0; f < int_points; f++) {
 c7a:	8e01                	sub	a2,a2,s0
		txctune_co[f] = tune | (tune << 4);
 c7c:	00469513          	slli	a0,a3,0x4
 c80:	8ec9                	or	a3,a3,a0
 c82:	00d58023          	sb	a3,0(a1)
	for(int f = 0; f < int_points; f++) {
 c86:	ff8715e3          	bne	a4,s8,c70 <main+0x1dc>
 c8a:	4601                	li	a2,0
		tune = (dCO4080 * (f -int_points)) / int_points;
 c8c:	48d1                	li	a7,20
	for(int f = int_points; f < sizeof(RF->TXCTUNE_CO); f++) {
 c8e:	02800593          	li	a1,40
		txctune_co[f] = tune | (tune << 4);
 c92:	031656b3          	divu	a3,a2,a7
 c96:	00e78533          	add	a0,a5,a4
	for(int f = int_points; f < sizeof(RF->TXCTUNE_CO); f++) {
 c9a:	0705                	addi	a4,a4,1
 c9c:	965e                	add	a2,a2,s7
		txctune_co[f] = tune | (tune << 4);
 c9e:	00469813          	slli	a6,a3,0x4
 ca2:	0106e6b3          	or	a3,a3,a6
 ca6:	00d50023          	sb	a3,0(a0)
	for(int f = int_points; f < sizeof(RF->TXCTUNE_CO); f++) {
 caa:	feb714e3          	bne	a4,a1,c92 <main+0x1fe>
	for(int i = 0; i < sizeof(txctune_co) /4; i++) {
 cae:	4681                	li	a3,0
		RF->TXCTUNE_CO[i] = ((uint32_t*)txctune_co)[i];
 cb0:	4000d537          	lui	a0,0x4000d
	for(int i = 0; i < sizeof(txctune_co) /4; i++) {
 cb4:	4629                	li	a2,10
		RF->TXCTUNE_CO[i] = ((uint32_t*)txctune_co)[i];
 cb6:	438c                	lw	a1,0(a5)
 cb8:	02868713          	addi	a4,a3,40 # a4000028 <_eusrstack+0x83ffd028>
 cbc:	070a                	slli	a4,a4,0x2
 cbe:	972a                	add	a4,a4,a0
 cc0:	c30c                	sw	a1,0(a4)
	for(int i = 0; i < sizeof(txctune_co) /4; i++) {
 cc2:	0685                	addi	a3,a3,1
 cc4:	0791                	addi	a5,a5,4
 cc6:	fec698e3          	bne	a3,a2,cb6 <main+0x222>
	uint32_t dGA0140 = nGA2401 - nGA2440;
 cca:	414b06b3          	sub	a3,s6,s4
	uint32_t dGA4080 = nGA2440 - nGA2480;
 cce:	4715                	li	a4,5
 cd0:	02e68733          	mul	a4,a3,a4
 cd4:	419a0a33          	sub	s4,s4,s9
	uint8_t txctune_ga[sizeof(RF->TXCTUNE_GA)] = {0};
 cd8:	c602                	sw	zero,12(sp)
 cda:	c802                	sw	zero,16(sp)
 cdc:	ca02                	sw	zero,20(sp)
	for(int f = 1; f < int_points; f++) {
 cde:	4785                	li	a5,1
		tune = (dGA0140 * (int_points -f)) / int_points;
 ce0:	4519                	li	a0,6
		txctune_ga[f] = tune | (tune << 4);
 ce2:	006c                	addi	a1,sp,12
 ce4:	00f58833          	add	a6,a1,a5
	for(int f = 1; f < int_points; f++) {
 ce8:	0785                	addi	a5,a5,1
		txctune_ga[f] = tune | (tune << 4);
 cea:	02a75633          	divu	a2,a4,a0
	for(int f = 1; f < int_points; f++) {
 cee:	8f15                	sub	a4,a4,a3
		txctune_ga[f] = tune | (tune << 4);
 cf0:	00461893          	slli	a7,a2,0x4
 cf4:	01166633          	or	a2,a2,a7
 cf8:	00c80023          	sb	a2,0(a6)
	for(int f = 1; f < int_points; f++) {
 cfc:	fea794e3          	bne	a5,a0,ce4 <main+0x250>
 d00:	4681                	li	a3,0
		tune = (dGA4080 * (f -int_points)) / int_points;
 d02:	4899                	li	a7,6
	for(int f = int_points; f < sizeof(RF->TXCTUNE_GA) -1; f++) {
 d04:	462d                	li	a2,11
		txctune_ga[f] = tune | (tune << 4);
 d06:	0316d733          	divu	a4,a3,a7
 d0a:	00f58533          	add	a0,a1,a5
	for(int f = int_points; f < sizeof(RF->TXCTUNE_GA) -1; f++) {
 d0e:	0785                	addi	a5,a5,1
 d10:	96d2                	add	a3,a3,s4
		txctune_ga[f] = tune | (tune << 4);
 d12:	00471813          	slli	a6,a4,0x4
 d16:	01076733          	or	a4,a4,a6
 d1a:	00e50023          	sb	a4,0(a0) # 4000d000 <_eusrstack+0x2000a000>
	for(int f = int_points; f < sizeof(RF->TXCTUNE_GA) -1; f++) {
 d1e:	fec794e3          	bne	a5,a2,d06 <main+0x272>
		RF->TXCTUNE_GA[i] = ((uint32_t*)txctune_ga)[i];
 d22:	46b2                	lw	a3,12(sp)
 d24:	4000d7b7          	lui	a5,0x4000d
 d28:	08078713          	addi	a4,a5,128 # 4000d080 <_eusrstack+0x2000a080>
 d2c:	c734                	sw	a3,72(a4)
 d2e:	46c2                	lw	a3,16(sp)
	RF->RF10 |= 0x1000;
 d30:	6605                	lui	a2,0x1
		RF->TXCTUNE_GA[i] = ((uint32_t*)txctune_ga)[i];
 d32:	c774                	sw	a3,76(a4)
 d34:	46d2                	lw	a3,20(sp)
 d36:	cb34                	sw	a3,80(a4)
	RF->RF1 &= 0xffffffef;
 d38:	43d8                	lw	a4,4(a5)
	RF->TXTUNE_CTRL = (RF->TXTUNE_CTRL & 0x80ffffff) | (tune2440 & 0x7f000000);
 d3a:	810006b7          	lui	a3,0x81000
 d3e:	16fd                	addi	a3,a3,-1 # 80ffffff <_eusrstack+0x60ffcfff>
	RF->RF1 &= 0xffffffef;
 d40:	9b3d                	andi	a4,a4,-17
 d42:	c3d8                	sw	a4,4(a5)
	RF->RF1 &= 0xfffffffe;
 d44:	43d8                	lw	a4,4(a5)
 d46:	9b79                	andi	a4,a4,-2
 d48:	c3d8                	sw	a4,4(a5)
	RF->RF10 |= 0x1000;
 d4a:	5798                	lw	a4,40(a5)
 d4c:	8f51                	or	a4,a4,a2
 d4e:	d798                	sw	a4,40(a5)
	RF->RF11 |= 0x10;
 d50:	57d8                	lw	a4,44(a5)
 d52:	01076713          	ori	a4,a4,16
 d56:	d7d8                	sw	a4,44(a5)
	RF->TXTUNE_CTRL = (RF->TXTUNE_CTRL & 0xffffffc0) | (tune2440 & 0x3f);
 d58:	5f98                	lw	a4,56(a5)
 d5a:	fc077713          	andi	a4,a4,-64
 d5e:	01576733          	or	a4,a4,s5
 d62:	df98                	sw	a4,56(a5)
	RF->TXTUNE_CTRL = (RF->TXTUNE_CTRL & 0x80ffffff) | (tune2440 & 0x7f000000);
 d64:	5f98                	lw	a4,56(a5)
 d66:	8f75                	and	a4,a4,a3
 d68:	7f0006b7          	lui	a3,0x7f000
 d6c:	00d9f9b3          	and	s3,s3,a3
 d70:	01376733          	or	a4,a4,s3
 d74:	df98                	sw	a4,56(a5)
	RF->RF1 |= 0x100;
 d76:	43d8                	lw	a4,4(a5)
	RF->RF20 &= 0xfffeffff;
 d78:	76c1                	lui	a3,0xffff0
 d7a:	16fd                	addi	a3,a3,-1 # fffeffff <_eusrstack+0xdffecfff>
	RF->RF1 |= 0x100;
 d7c:	10076713          	ori	a4,a4,256
 d80:	c3d8                	sw	a4,4(a5)
	RF->RF20 &= 0xfffeffff;
 d82:	4bb8                	lw	a4,80(a5)
 d84:	8f75                	and	a4,a4,a3
 d86:	cbb8                	sw	a4,80(a5)
	RF->RF2 |= 0x200000;
 d88:	4798                	lw	a4,8(a5)
 d8a:	002006b7          	lui	a3,0x200
 d8e:	8f55                	or	a4,a4,a3
 d90:	c798                	sw	a4,8(a5)
	RF->RF3 = (RF->RF3 & 0xffffffef) | 0x10;
 d92:	47d8                	lw	a4,12(a5)
	LL->TMR = 100;
 d94:	06400693          	li	a3,100
	RF->RF3 = (RF->RF3 & 0xffffffef) | 0x10;
 d98:	01076713          	ori	a4,a4,16
 d9c:	c7d8                	sw	a4,12(a5)
	RF->RF1 |= 0x1000;
 d9e:	43d8                	lw	a4,4(a5)
 da0:	8f51                	or	a4,a4,a2
 da2:	c3d8                	sw	a4,4(a5)
	LL->TMR = 100;
 da4:	4000c737          	lui	a4,0x4000c
 da8:	20070713          	addi	a4,a4,512 # 4000c200 <_eusrstack+0x20009200>
 dac:	d374                	sw	a3,100(a4)
	while(LL->TMR && ((RF->RXTUNE >> 8) & 1));
 dae:	5374                	lw	a3,100(a4)
 db0:	c691                	beqz	a3,dbc <main+0x328>
 db2:	09c7a683          	lw	a3,156(a5)
 db6:	1006f693          	andi	a3,a3,256
 dba:	faf5                	bnez	a3,dae <main+0x31a>
	tuneFilter = RF->RXTUNE & 0x1f;
 dbc:	4000d7b7          	lui	a5,0x4000d
 dc0:	08078713          	addi	a4,a5,128 # 4000d080 <_eusrstack+0x2000a080>
 dc4:	4f58                	lw	a4,28(a4)
	RF->RF20 |= 0x10000;
 dc6:	6641                	lui	a2,0x10
	tuneFilter = RF->RXTUNE & 0x1f;
 dc8:	8b7d                	andi	a4,a4,31
 dca:	c0e1a423          	sw	a4,-1016(gp) # 2000029c <tuneFilter>
	RF->RF20 |= 0x10000;
 dce:	4bb8                	lw	a4,80(a5)
 dd0:	8f51                	or	a4,a4,a2
 dd2:	cbb8                	sw	a4,80(a5)
	RF->RF20 = (RF->RF20 & 0xffffffe0) | tuneFilter;
 dd4:	4bb8                	lw	a4,80(a5)
 dd6:	c081a603          	lw	a2,-1016(gp) # 2000029c <tuneFilter>
 dda:	9b01                	andi	a4,a4,-32
 ddc:	8f51                	or	a4,a4,a2
 dde:	cbb8                	sw	a4,80(a5)
	RF->RF2 &= 0xffdfffff;
 de0:	4798                	lw	a4,8(a5)
 de2:	ffe00637          	lui	a2,0xffe00
 de6:	167d                	addi	a2,a2,-1 # ffdfffff <_eusrstack+0xdfdfcfff>
 de8:	8f71                	and	a4,a4,a2
 dea:	c798                	sw	a4,8(a5)
	tuneFilter2M = (tuneFilter +2 < 0x1f) ? (tuneFilter +2) : 0x1f;
 dec:	c081a703          	lw	a4,-1016(gp) # 2000029c <tuneFilter>
 df0:	4679                	li	a2,30
 df2:	47fd                	li	a5,31
 df4:	0709                	addi	a4,a4,2
 df6:	00e66563          	bltu	a2,a4,e00 <main+0x36c>
 dfa:	c081a783          	lw	a5,-1016(gp) # 2000029c <tuneFilter>
 dfe:	0789                	addi	a5,a5,2
 e00:	c0f1a623          	sw	a5,-1012(gp) # 200002a0 <tuneFilter2M>
	RF->RF22 &= 0xfffeffff;
 e04:	4000d7b7          	lui	a5,0x4000d
 e08:	4fb8                	lw	a4,88(a5)
 e0a:	76c1                	lui	a3,0xffff0
 e0c:	16fd                	addi	a3,a3,-1 # fffeffff <_eusrstack+0xdffecfff>
 e0e:	8f75                	and	a4,a4,a3
 e10:	cfb8                	sw	a4,88(a5)
	RF->RF2 |= 0x10000;
 e12:	4798                	lw	a4,8(a5)
 e14:	66c1                	lui	a3,0x10
	DevSetMode(0);
 e16:	4501                	li	a0,0
	RF->RF2 |= 0x10000;
 e18:	8f55                	or	a4,a4,a3
 e1a:	c798                	sw	a4,8(a5)
	RF->RF3 = (RF->RF3 & 0xfffffeff) | 0x100;
 e1c:	47d8                	lw	a4,12(a5)
	RF->RF1 = (RF->RF1 & 0xfffeffff) | 0x100000;
 e1e:	ffef06b7          	lui	a3,0xffef0
 e22:	16fd                	addi	a3,a3,-1 # ffeeffff <_eusrstack+0xdfeecfff>
	RF->RF3 = (RF->RF3 & 0xfffffeff) | 0x100;
 e24:	10076713          	ori	a4,a4,256
 e28:	c7d8                	sw	a4,12(a5)
	RF->RF1 = (RF->RF1 & 0xfffeffff) | 0x100000;
 e2a:	43d8                	lw	a4,4(a5)
 e2c:	8f75                	and	a4,a4,a3
 e2e:	001006b7          	lui	a3,0x100
 e32:	8f55                	or	a4,a4,a3
 e34:	c3d8                	sw	a4,4(a5)
	DevSetMode(0);
 e36:	f0cff0ef          	jal	542 <DevSetMode>
	NVIC->IPRIOR[0x15] |= 0x80;
 e3a:	e000e7b7          	lui	a5,0xe000e
 e3e:	4157c703          	lbu	a4,1045(a5) # e000e415 <_eusrstack+0xc000b415>
		funDigitalWrite( LED, FUN_LOW ); // Turn on LED
 e42:	400015b7          	lui	a1,0x40001
	uint32_t targend = SysTick->CNTL + n;
 e46:	0003c6b7          	lui	a3,0x3c
 e4a:	f8076713          	ori	a4,a4,-128
 e4e:	40e78aa3          	sb	a4,1045(a5)
	NVIC->IENR[((uint32_t)(IRQn) >> 5)] = (1 << ((uint32_t)(IRQn) & 0x1F));
 e52:	00200737          	lui	a4,0x200
 e56:	10e7a023          	sw	a4,256(a5)
		funDigitalWrite( LED, FUN_HIGH ); // Turn off LED
 e5a:	40001537          	lui	a0,0x40001
		funDigitalWrite( LED, FUN_LOW ); // Turn on LED
 e5e:	6785                	lui	a5,0x1
 e60:	4615                	li	a2,5
 e62:	0ac58593          	addi	a1,a1,172 # 400010ac <_eusrstack+0x1fffe0ac>
 e66:	80078793          	addi	a5,a5,-2048 # 800 <mini_vpprintf+0x10c>
 e6a:	e000f737          	lui	a4,0xe000f
 e6e:	6cc68693          	addi	a3,a3,1740 # 3c6cc <synthpass.c.6ac06e92+0x3a00e>
		funDigitalWrite( LED, FUN_HIGH ); // Turn off LED
 e72:	0b850513          	addi	a0,a0,184 # 400010b8 <_eusrstack+0x1fffe0b8>
		funDigitalWrite( LED, FUN_LOW ); // Turn on LED
 e76:	c19c                	sw	a5,0(a1)
 e78:	00872883          	lw	a7,8(a4) # e000f008 <_eusrstack+0xc000c008>
 e7c:	98b6                	add	a7,a7,a3
	while( ((int32_t)( SysTick->CNTL - targend )) < 0 );
 e7e:	00872803          	lw	a6,8(a4)
 e82:	41180833          	sub	a6,a6,a7
 e86:	fe084ce3          	bltz	a6,e7e <main+0x3ea>
		funDigitalWrite( LED, FUN_HIGH ); // Turn off LED
 e8a:	c11c                	sw	a5,0(a0)
		if(i) Delay_Ms(33);
 e8c:	167d                	addi	a2,a2,-1
 e8e:	ea3d                	bnez	a2,f04 <main+0x470>
		&& (strncmp((const char*)(frame->mac), SYNTHPASS_MAC, SYNTHPASS_MAC_SIZE) == 0)
 e90:	6985                	lui	s3,0x1
 e92:	20000a37          	lui	s4,0x20000
	printf("RX'd! RSSI:%d PDU:%d len:%d MAC", rssi, frame->pdu, frame->length);
 e96:	6a85                	lui	s5,0x1
		&& (strncmp((const char*)(frame->mac), SYNTHPASS_MAC, SYNTHPASS_MAC_SIZE) == 0)
 e98:	f3498993          	addi	s3,s3,-204 # f34 <main+0x4a0>
 e9c:	2aaa0a13          	addi	s4,s4,682 # 200002aa <LLE_BUF+0x2>
	printf("RX'd! RSSI:%d PDU:%d len:%d MAC", rssi, frame->pdu, frame->length);
 ea0:	f3ca8a93          	addi	s5,s5,-196 # f3c <main+0x4a8>
	) ? 1 : 0;
 ea4:	4409                	li	s0,2
		
		// blink(5);

		// for(uint32_t i = 0; i < 50; ++i){
		
		iSLERRX(ACCESS_ADDRESS, SYNTHPASS_CHANNEL, PHY_MODE);
 ea6:	8e89c537          	lui	a0,0x8e89c
 eaa:	4605                	li	a2,1
 eac:	02500593          	li	a1,37
 eb0:	ed650513          	addi	a0,a0,-298 # 8e89bed6 <_eusrstack+0x6e898ed6>
 eb4:	1ffff097          	auipc	ra,0x1ffff
 eb8:	2a8080e7          	jalr	680(ra) # 2000015c <iSLERRX>

		while(!rx_ready) {}
 ebc:	c101a783          	lw	a5,-1008(gp) # 200002a4 <rx_ready>
 ec0:	dff5                	beqz	a5,ebc <main+0x428>
	) ? 1 : 0;
 ec2:	00094783          	lbu	a5,0(s2)
 ec6:	fe8790e3          	bne	a5,s0,ea6 <main+0x412>
		&& (strncmp((const char*)(frame->mac), SYNTHPASS_MAC, SYNTHPASS_MAC_SIZE) == 0)
 eca:	4619                	li	a2,6
 ecc:	85ce                	mv	a1,s3
 ece:	8552                	mv	a0,s4
 ed0:	3429                	jal	8da <strncmp>
	) ? 1 : 0;
 ed2:	f971                	bnez	a0,ea6 <main+0x412>
	int rssi = iSLERRSSI();
 ed4:	1ffff097          	auipc	ra,0x1ffff
 ed8:	12c080e7          	jalr	300(ra) # 20000000 <iSLERRSSI>
	printf("RX'd! RSSI:%d PDU:%d len:%d MAC", rssi, frame->pdu, frame->length);
 edc:	00194683          	lbu	a3,1(s2)
	int rssi = iSLERRSSI();
 ee0:	85aa                	mv	a1,a0
	printf("RX'd! RSSI:%d PDU:%d len:%d MAC", rssi, frame->pdu, frame->length);
 ee2:	8622                	mv	a2,s0
 ee4:	8556                	mv	a0,s5
 ee6:	3a75                	jal	8a2 <printf>
	for(int i = 0; i < SYNTHPASS_MAC_SIZE; ++i) {
 ee8:	00690b13          	addi	s6,s2,6
	printf("RX'd! RSSI:%d PDU:%d len:%d MAC", rssi, frame->pdu, frame->length);
 eec:	844a                	mv	s0,s2
		printf(":%02x", frame->mac[i]);
 eee:	00244583          	lbu	a1,2(s0) # 4000d002 <_eusrstack+0x2000a002>
 ef2:	f2c48513          	addi	a0,s1,-212
	for(int i = 0; i < SYNTHPASS_MAC_SIZE; ++i) {
 ef6:	0405                	addi	s0,s0,1
		printf(":%02x", frame->mac[i]);
 ef8:	326d                	jal	8a2 <printf>
	for(int i = 0; i < SYNTHPASS_MAC_SIZE; ++i) {
 efa:	fe8b1ae3          	bne	s6,s0,eee <main+0x45a>
	printf("\n");
 efe:	4529                	li	a0,10
 f00:	3c19                	jal	916 <putchar>
 f02:	b74d                	j	ea4 <main+0x410>
	uint32_t targend = SysTick->CNTL + n;
 f04:	00872883          	lw	a7,8(a4)
 f08:	98b6                	add	a7,a7,a3
	while( ((int32_t)( SysTick->CNTL - targend )) < 0 );
 f0a:	00872803          	lw	a6,8(a4)
 f0e:	41180833          	sub	a6,a6,a7
 f12:	fe084ce3          	bltz	a6,f0a <main+0x476>
 f16:	b785                	j	e76 <main+0x3e2>
 f18:	746e7953          	.insn	4, 0x746e7953
 f1c:	7068                	.insn	2, 0x7068
 f1e:	7361                	lui	t1,0xffff8
 f20:	6e692073          	.insn	4, 0x6e692073
 f24:	7469                	lui	s0,0xffffa
 f26:	2021                	jal	f2e <main+0x49a>
 f28:	4955                	li	s2,21
 f2a:	0044                	addi	s1,sp,4
 f2c:	253a                	.insn	2, 0x253a
 f2e:	3230                	.insn	2, 0x3230
 f30:	0078                	addi	a4,sp,12
 f32:	0000                	unimp
 f34:	333a                	.insn	2, 0x333a
 f36:	333a                	.insn	2, 0x333a
 f38:	333a                	.insn	2, 0x333a
 f3a:	0000                	unimp
 f3c:	5852                	lw	a6,52(sp)
 f3e:	20216427          	.insn	4, 0x20216427
 f42:	5352                	lw	t1,52(sp)
 f44:	253a4953          	.insn	4, 0x253a4953
 f48:	2064                	.insn	2, 0x2064
 f4a:	4450                	lw	a2,12(s0)
 f4c:	3a55                	jal	900 <strncmp+0x26>
 f4e:	6425                	lui	s0,0x9
 f50:	6c20                	.insn	2, 0x6c20
 f52:	6e65                	lui	t3,0x19
 f54:	253a                	.insn	2, 0x253a
 f56:	2064                	.insn	2, 0x2064
 f58:	414d                	li	sp,19
 f5a:	0043                	.short	0x0043

00000f5c <channel_map>:
 f5c:	0201 0403 0605 0807 0a09 0d0c 0f0e 1110     ................
 f6c:	1312 1514 1716 1918 1b1a 1d1c 1f1e 2120     .............. !
 f7c:	2322 2524 0026 270b                         "#$%&..'
